[6.239s] Invoking command in '/home/mohammed/ros2_ws/src/motor_driver': PYTHONPATH=/home/mohammed/ros2_ws/build/motor_driver/prefix_override:/usr/lib/python3/dist-packages/colcon_core/task/python/colcon_distutils_commands:/home/mohammed/ros2_ws/install/motor_driver/lib/python3.10/site-packages:${PYTHONPATH} /usr/bin/python3 -W ignore:setup.py install is deprecated -W ignore:easy_install command is deprecated setup.py egg_info --egg-base ../../build/motor_driver build --build-base /home/mohammed/ros2_ws/build/motor_driver/build install --record /home/mohammed/ros2_ws/build/motor_driver/install.log --single-version-externally-managed install_data
[8.634s] running egg_info
[8.645s] writing ../../build/motor_driver/motor_driver.egg-info/PKG-INFO
[8.650s] writing dependency_links to ../../build/motor_driver/motor_driver.egg-info/dependency_links.txt
[8.662s] writing entry points to ../../build/motor_driver/motor_driver.egg-info/entry_points.txt
[8.663s] writing requirements to ../../build/motor_driver/motor_driver.egg-info/requires.txt
[8.668s] writing top-level names to ../../build/motor_driver/motor_driver.egg-info/top_level.txt
[8.688s] reading manifest file '../../build/motor_driver/motor_driver.egg-info/SOURCES.txt'
[8.710s] writing manifest file '../../build/motor_driver/motor_driver.egg-info/SOURCES.txt'
[8.711s] running build
[8.712s] running build_py
[8.716s] running install
[8.717s] running install_lib
[8.730s] running install_data
[8.731s] running install_egg_info
[8.758s] removing '/home/mohammed/ros2_ws/install/motor_driver/lib/python3.10/site-packages/motor_driver-0.0.0-py3.10.egg-info' (and everything under it)
[8.759s] Copying ../../build/motor_driver/motor_driver.egg-info to /home/mohammed/ros2_ws/install/motor_driver/lib/python3.10/site-packages/motor_driver-0.0.0-py3.10.egg-info
[8.771s] running install_scripts
[8.944s] Installing motor_driver_node script to /home/mohammed/ros2_ws/install/motor_driver/lib/motor_driver
[8.950s] writing list of installed files to '/home/mohammed/ros2_ws/build/motor_driver/install.log'
[9.259s] Invoked command in '/home/mohammed/ros2_ws/src/motor_driver' returned '0': PYTHONPATH=/home/mohammed/ros2_ws/build/motor_driver/prefix_override:/usr/lib/python3/dist-packages/colcon_core/task/python/colcon_distutils_commands:/home/mohammed/ros2_ws/install/motor_driver/lib/python3.10/site-packages:${PYTHONPATH} /usr/bin/python3 -W ignore:setup.py install is deprecated -W ignore:easy_install command is deprecated setup.py egg_info --egg-base ../../build/motor_driver build --build-base /home/mohammed/ros2_ws/build/motor_driver/build install --record /home/mohammed/ros2_ws/build/motor_driver/install.log --single-version-externally-managed install_data
