[2.891s] Invoking command in '/home/mohammed/ros2_ws/src/imu_publisher': PYTHONPATH=/home/mohammed/ros2_ws/build/imu_publisher/prefix_override:/usr/lib/python3/dist-packages/colcon_core/task/python/colcon_distutils_commands:/home/mohammed/ros2_ws/install/imu_publisher/lib/python3.10/site-packages:${PYTHONPATH} /usr/bin/python3 -W ignore:setup.py install is deprecated -W ignore:easy_install command is deprecated setup.py egg_info --egg-base ../../build/imu_publisher build --build-base /home/mohammed/ros2_ws/build/imu_publisher/build install --record /home/mohammed/ros2_ws/build/imu_publisher/install.log --single-version-externally-managed install_data
[4.019s] running egg_info
[4.022s] writing ../../build/imu_publisher/imu_publisher.egg-info/PKG-INFO
[4.023s] writing dependency_links to ../../build/imu_publisher/imu_publisher.egg-info/dependency_links.txt
[4.024s] writing entry points to ../../build/imu_publisher/imu_publisher.egg-info/entry_points.txt
[4.025s] writing requirements to ../../build/imu_publisher/imu_publisher.egg-info/requires.txt
[4.025s] writing top-level names to ../../build/imu_publisher/imu_publisher.egg-info/top_level.txt
[4.034s] reading manifest file '../../build/imu_publisher/imu_publisher.egg-info/SOURCES.txt'
[4.039s] writing manifest file '../../build/imu_publisher/imu_publisher.egg-info/SOURCES.txt'
[4.039s] running build
[4.040s] running build_py
[4.040s] copying imu_publisher/imu_node.py -> /home/mohammed/ros2_ws/build/imu_publisher/build/lib/imu_publisher
[4.042s] running install
[4.044s] running install_lib
[4.048s] copying /home/mohammed/ros2_ws/build/imu_publisher/build/lib/imu_publisher/imu_node.py -> /home/mohammed/ros2_ws/install/imu_publisher/lib/python3.10/site-packages/imu_publisher
[4.053s] byte-compiling /home/mohammed/ros2_ws/install/imu_publisher/lib/python3.10/site-packages/imu_publisher/imu_node.py to imu_node.cpython-310.pyc
[4.056s] running install_data
[4.057s] running install_egg_info
[4.067s] removing '/home/mohammed/ros2_ws/install/imu_publisher/lib/python3.10/site-packages/imu_publisher-0.0.0-py3.10.egg-info' (and everything under it)
[4.068s] Copying ../../build/imu_publisher/imu_publisher.egg-info to /home/mohammed/ros2_ws/install/imu_publisher/lib/python3.10/site-packages/imu_publisher-0.0.0-py3.10.egg-info
[4.075s] running install_scripts
[4.169s] Installing imu_node script to /home/mohammed/ros2_ws/install/imu_publisher/lib/imu_publisher
[4.171s] writing list of installed files to '/home/mohammed/ros2_ws/build/imu_publisher/install.log'
[4.295s] Invoked command in '/home/mohammed/ros2_ws/src/imu_publisher' returned '0': PYTHONPATH=/home/mohammed/ros2_ws/build/imu_publisher/prefix_override:/usr/lib/python3/dist-packages/colcon_core/task/python/colcon_distutils_commands:/home/mohammed/ros2_ws/install/imu_publisher/lib/python3.10/site-packages:${PYTHONPATH} /usr/bin/python3 -W ignore:setup.py install is deprecated -W ignore:easy_install command is deprecated setup.py egg_info --egg-base ../../build/imu_publisher build --build-base /home/mohammed/ros2_ws/build/imu_publisher/build install --record /home/mohammed/ros2_ws/build/imu_publisher/install.log --single-version-externally-managed install_data
