running egg_info
creating ../../build/lidar_obstacle_avoidance/lidar_obstacle_avoidance.egg-info
writing ../../build/lidar_obstacle_avoidance/lidar_obstacle_avoidance.egg-info/PKG-INFO
writing dependency_links to ../../build/lidar_obstacle_avoidance/lidar_obstacle_avoidance.egg-info/dependency_links.txt
writing entry points to ../../build/lidar_obstacle_avoidance/lidar_obstacle_avoidance.egg-info/entry_points.txt
writing requirements to ../../build/lidar_obstacle_avoidance/lidar_obstacle_avoidance.egg-info/requires.txt
writing top-level names to ../../build/lidar_obstacle_avoidance/lidar_obstacle_avoidance.egg-info/top_level.txt
writing manifest file '../../build/lidar_obstacle_avoidance/lidar_obstacle_avoidance.egg-info/SOURCES.txt'
reading manifest file '../../build/lidar_obstacle_avoidance/lidar_obstacle_avoidance.egg-info/SOURCES.txt'
writing manifest file '../../build/lidar_obstacle_avoidance/lidar_obstacle_avoidance.egg-info/SOURCES.txt'
running build
running build_py
creating /home/mohammed/ros2_ws/build/lidar_obstacle_avoidance/build
creating /home/mohammed/ros2_ws/build/lidar_obstacle_avoidance/build/lib
creating /home/mohammed/ros2_ws/build/lidar_obstacle_avoidance/build/lib/lidar_obstacle_avoidance
copying lidar_obstacle_avoidance/lidar_obstacle_avoidance_node.py -> /home/mohammed/ros2_ws/build/lidar_obstacle_avoidance/build/lib/lidar_obstacle_avoidance
copying lidar_obstacle_avoidance/__init__.py -> /home/mohammed/ros2_ws/build/lidar_obstacle_avoidance/build/lib/lidar_obstacle_avoidance
running install
running install_lib
creating /home/mohammed/ros2_ws/install/lidar_obstacle_avoidance/lib/python3.10/site-packages/lidar_obstacle_avoidance
copying /home/mohammed/ros2_ws/build/lidar_obstacle_avoidance/build/lib/lidar_obstacle_avoidance/lidar_obstacle_avoidance_node.py -> /home/mohammed/ros2_ws/install/lidar_obstacle_avoidance/lib/python3.10/site-packages/lidar_obstacle_avoidance
copying /home/mohammed/ros2_ws/build/lidar_obstacle_avoidance/build/lib/lidar_obstacle_avoidance/__init__.py -> /home/mohammed/ros2_ws/install/lidar_obstacle_avoidance/lib/python3.10/site-packages/lidar_obstacle_avoidance
byte-compiling /home/mohammed/ros2_ws/install/lidar_obstacle_avoidance/lib/python3.10/site-packages/lidar_obstacle_avoidance/lidar_obstacle_avoidance_node.py to lidar_obstacle_avoidance_node.cpython-310.pyc
byte-compiling /home/mohammed/ros2_ws/install/lidar_obstacle_avoidance/lib/python3.10/site-packages/lidar_obstacle_avoidance/__init__.py to __init__.cpython-310.pyc
running install_data
creating /home/mohammed/ros2_ws/install/lidar_obstacle_avoidance/share/ament_index
creating /home/mohammed/ros2_ws/install/lidar_obstacle_avoidance/share/ament_index/resource_index
creating /home/mohammed/ros2_ws/install/lidar_obstacle_avoidance/share/ament_index/resource_index/packages
copying resource/lidar_obstacle_avoidance -> /home/mohammed/ros2_ws/install/lidar_obstacle_avoidance/share/ament_index/resource_index/packages
copying package.xml -> /home/mohammed/ros2_ws/install/lidar_obstacle_avoidance/share/lidar_obstacle_avoidance
running install_egg_info
Copying ../../build/lidar_obstacle_avoidance/lidar_obstacle_avoidance.egg-info to /home/mohammed/ros2_ws/install/lidar_obstacle_avoidance/lib/python3.10/site-packages/lidar_obstacle_avoidance-0.0.0-py3.10.egg-info
running install_scripts
Installing lidar_obstacle_avoidance_node script to /home/mohammed/ros2_ws/install/lidar_obstacle_avoidance/lib/lidar_obstacle_avoidance
writing list of installed files to '/home/mohammed/ros2_ws/build/lidar_obstacle_avoidance/install.log'
