[2.978s] Invoking command in '/home/mohammed/ros2_ws/src/imu_publisher': PYTHONPATH=/home/mohammed/ros2_ws/build/imu_publisher/prefix_override:/usr/lib/python3/dist-packages/colcon_core/task/python/colcon_distutils_commands:/home/mohammed/ros2_ws/install/imu_publisher/lib/python3.10/site-packages:${PYTHONPATH} /usr/bin/python3 -W ignore:setup.py install is deprecated -W ignore:easy_install command is deprecated setup.py egg_info --egg-base ../../build/imu_publisher build --build-base /home/mohammed/ros2_ws/build/imu_publisher/build install --record /home/mohammed/ros2_ws/build/imu_publisher/install.log --single-version-externally-managed install_data
[4.084s] running egg_info
[4.088s] writing ../../build/imu_publisher/imu_publisher.egg-info/PKG-INFO
[4.090s] writing dependency_links to ../../build/imu_publisher/imu_publisher.egg-info/dependency_links.txt
[4.091s] writing entry points to ../../build/imu_publisher/imu_publisher.egg-info/entry_points.txt
[4.091s] writing requirements to ../../build/imu_publisher/imu_publisher.egg-info/requires.txt
[4.092s] writing top-level names to ../../build/imu_publisher/imu_publisher.egg-info/top_level.txt
[4.100s] reading manifest file '../../build/imu_publisher/imu_publisher.egg-info/SOURCES.txt'
[4.105s] writing manifest file '../../build/imu_publisher/imu_publisher.egg-info/SOURCES.txt'
[4.105s] running build
[4.106s] running build_py
[4.109s] running install
[4.110s] running install_lib
[4.117s] running install_data
[4.119s] creating /home/mohammed/ros2_ws/install/imu_publisher/share/imu_publisher/launch
[4.119s] copying launch/imu_slam.launch.py -> /home/mohammed/ros2_ws/install/imu_publisher/share/imu_publisher/launch
[4.121s] creating /home/mohammed/ros2_ws/install/imu_publisher/share/imu_publisher/config
[4.121s] copying config/ekf.yaml -> /home/mohammed/ros2_ws/install/imu_publisher/share/imu_publisher/config
[4.122s] running install_egg_info
[4.130s] removing '/home/mohammed/ros2_ws/install/imu_publisher/lib/python3.10/site-packages/imu_publisher-0.0.0-py3.10.egg-info' (and everything under it)
[4.132s] Copying ../../build/imu_publisher/imu_publisher.egg-info to /home/mohammed/ros2_ws/install/imu_publisher/lib/python3.10/site-packages/imu_publisher-0.0.0-py3.10.egg-info
[4.139s] running install_scripts
[4.223s] Installing imu_node script to /home/mohammed/ros2_ws/install/imu_publisher/lib/imu_publisher
[4.225s] writing list of installed files to '/home/mohammed/ros2_ws/build/imu_publisher/install.log'
[4.349s] Invoked command in '/home/mohammed/ros2_ws/src/imu_publisher' returned '0': PYTHONPATH=/home/mohammed/ros2_ws/build/imu_publisher/prefix_override:/usr/lib/python3/dist-packages/colcon_core/task/python/colcon_distutils_commands:/home/mohammed/ros2_ws/install/imu_publisher/lib/python3.10/site-packages:${PYTHONPATH} /usr/bin/python3 -W ignore:setup.py install is deprecated -W ignore:easy_install command is deprecated setup.py egg_info --egg-base ../../build/imu_publisher build --build-base /home/mohammed/ros2_ws/build/imu_publisher/build install --record /home/mohammed/ros2_ws/build/imu_publisher/install.log --single-version-externally-managed install_data
