[5.143s] Invoking command in '/home/mohammed/ros2_ws/src/imu_publisher': PYTHONPATH=/home/mohammed/ros2_ws/build/imu_publisher/prefix_override:/usr/lib/python3/dist-packages/colcon_core/task/python/colcon_distutils_commands:/home/mohammed/ros2_ws/install/imu_publisher/lib/python3.10/site-packages:${PYTHONPATH} /usr/bin/python3 -W ignore:setup.py install is deprecated -W ignore:easy_install command is deprecated setup.py egg_info --egg-base ../../build/imu_publisher build --build-base /home/mohammed/ros2_ws/build/imu_publisher/build install --record /home/mohammed/ros2_ws/build/imu_publisher/install.log --single-version-externally-managed install_data
[6.824s] running egg_info
[6.827s] writing ../../build/imu_publisher/imu_publisher.egg-info/PKG-INFO
[6.829s] writing dependency_links to ../../build/imu_publisher/imu_publisher.egg-info/dependency_links.txt
[6.831s] writing entry points to ../../build/imu_publisher/imu_publisher.egg-info/entry_points.txt
[6.833s] writing requirements to ../../build/imu_publisher/imu_publisher.egg-info/requires.txt
[6.834s] writing top-level names to ../../build/imu_publisher/imu_publisher.egg-info/top_level.txt
[6.844s] reading manifest file '../../build/imu_publisher/imu_publisher.egg-info/SOURCES.txt'
[6.850s] writing manifest file '../../build/imu_publisher/imu_publisher.egg-info/SOURCES.txt'
[6.852s] running build
[6.852s] running build_py
[6.853s] running install
[6.855s] running install_lib
[6.870s] running install_data
[6.874s] running install_egg_info
[6.881s] removing '/home/mohammed/ros2_ws/install/imu_publisher/lib/python3.10/site-packages/imu_publisher-0.0.0-py3.10.egg-info' (and everything under it)
[6.892s] Copying ../../build/imu_publisher/imu_publisher.egg-info to /home/mohammed/ros2_ws/install/imu_publisher/lib/python3.10/site-packages/imu_publisher-0.0.0-py3.10.egg-info
[6.896s] running install_scripts
[7.047s] Installing imu_node script to /home/mohammed/ros2_ws/install/imu_publisher/lib/imu_publisher
[7.052s] writing list of installed files to '/home/mohammed/ros2_ws/build/imu_publisher/install.log'
[7.258s] Invoked command in '/home/mohammed/ros2_ws/src/imu_publisher' returned '0': PYTHONPATH=/home/mohammed/ros2_ws/build/imu_publisher/prefix_override:/usr/lib/python3/dist-packages/colcon_core/task/python/colcon_distutils_commands:/home/mohammed/ros2_ws/install/imu_publisher/lib/python3.10/site-packages:${PYTHONPATH} /usr/bin/python3 -W ignore:setup.py install is deprecated -W ignore:easy_install command is deprecated setup.py egg_info --egg-base ../../build/imu_publisher build --build-base /home/mohammed/ros2_ws/build/imu_publisher/build install --record /home/mohammed/ros2_ws/build/imu_publisher/install.log --single-version-externally-managed install_data
