[4.190s] Invoking command in '/home/mohammed/ros2_ws/src/imu_publisher': PYTHONPATH=/home/mohammed/ros2_ws/build/imu_publisher/prefix_override:/usr/lib/python3/dist-packages/colcon_core/task/python/colcon_distutils_commands:/home/mohammed/ros2_ws/install/imu_publisher/lib/python3.10/site-packages:${PYTHONPATH} /usr/bin/python3 -W ignore:setup.py install is deprecated -W ignore:easy_install command is deprecated setup.py egg_info --egg-base ../../build/imu_publisher build --build-base /home/mohammed/ros2_ws/build/imu_publisher/build install --record /home/mohammed/ros2_ws/build/imu_publisher/install.log --single-version-externally-managed install_data
[5.467s] running egg_info
[5.470s] writing ../../build/imu_publisher/imu_publisher.egg-info/PKG-INFO
[5.472s] writing dependency_links to ../../build/imu_publisher/imu_publisher.egg-info/dependency_links.txt
[5.473s] writing entry points to ../../build/imu_publisher/imu_publisher.egg-info/entry_points.txt
[5.474s] writing requirements to ../../build/imu_publisher/imu_publisher.egg-info/requires.txt
[5.474s] writing top-level names to ../../build/imu_publisher/imu_publisher.egg-info/top_level.txt
[5.482s] reading manifest file '../../build/imu_publisher/imu_publisher.egg-info/SOURCES.txt'
[5.488s] writing manifest file '../../build/imu_publisher/imu_publisher.egg-info/SOURCES.txt'
[5.489s] running build
[5.490s] running build_py
[5.493s] running install
[5.495s] running install_lib
[5.502s] running install_data
[5.503s] copying config/ekf.yaml -> /home/mohammed/ros2_ws/install/imu_publisher/share/imu_publisher/config
[5.504s] running install_egg_info
[5.512s] removing '/home/mohammed/ros2_ws/install/imu_publisher/lib/python3.10/site-packages/imu_publisher-0.0.0-py3.10.egg-info' (and everything under it)
[5.514s] Copying ../../build/imu_publisher/imu_publisher.egg-info to /home/mohammed/ros2_ws/install/imu_publisher/lib/python3.10/site-packages/imu_publisher-0.0.0-py3.10.egg-info
[5.520s] running install_scripts
[5.606s] Installing imu_node script to /home/mohammed/ros2_ws/install/imu_publisher/lib/imu_publisher
[5.607s] writing list of installed files to '/home/mohammed/ros2_ws/build/imu_publisher/install.log'
[5.733s] Invoked command in '/home/mohammed/ros2_ws/src/imu_publisher' returned '0': PYTHONPATH=/home/mohammed/ros2_ws/build/imu_publisher/prefix_override:/usr/lib/python3/dist-packages/colcon_core/task/python/colcon_distutils_commands:/home/mohammed/ros2_ws/install/imu_publisher/lib/python3.10/site-packages:${PYTHONPATH} /usr/bin/python3 -W ignore:setup.py install is deprecated -W ignore:easy_install command is deprecated setup.py egg_info --egg-base ../../build/imu_publisher build --build-base /home/mohammed/ros2_ws/build/imu_publisher/build install --record /home/mohammed/ros2_ws/build/imu_publisher/install.log --single-version-externally-managed install_data
