[0.042s] Invoking command in '/home/mohammed/ros2_ws/build/rplidar_ros': /usr/bin/cmake /home/mohammed/ros2_ws/src/rplidar_ros -DCATKIN_INSTALL_INTO_PREFIX_ROOT=0 -DCMAKE_INSTALL_PREFIX=/home/mohammed/ros2_ws/install/rplidar_ros
[0.240s] [0mCMake Deprecation Warning at CMakeLists.txt:1 (cmake_minimum_required):
[0.241s]   Compatibility with CMake < 2.8.12 will be removed from a future version of
[0.242s]   CMake.
[0.242s] 
[0.243s]   Update the VERSION argument <min> value or use a ...<max> suffix to tell
[0.243s]   CMake that the project does not need compatibility with older versions.
[0.244s] 
[0.244s] [0m
[1.146s] -- The C compiler identification is GNU 11.4.0
[1.884s] -- The CXX compiler identification is GNU 11.4.0
[1.932s] -- Detecting C compiler ABI info
[2.313s] -- Detecting C compiler ABI info - done
[2.342s] -- Check for working C compiler: /usr/bin/cc - skipped
[2.344s] -- Detecting C compile features
[2.349s] -- Detecting C compile features - done
[2.366s] -- Detecting CXX compiler ABI info
[2.744s] -- Detecting CXX compiler ABI info - done
[2.778s] -- Check for working CXX compiler: /usr/bin/c++ - skipped
[2.778s] -- Detecting CXX compile features
[2.780s] -- Detecting CXX compile features - done
[2.958s] [31mCMake Error at CMakeLists.txt:16 (find_package):
[2.959s]   By not providing "Findcatkin.cmake" in CMAKE_MODULE_PATH this project has
[2.959s]   asked CMake to find a package configuration file provided by "catkin", but
[2.960s]   CMake did not find one.
[2.960s] 
[2.960s]   Could not find a package configuration file provided by "catkin" with any
[2.961s]   of the following names:
[2.961s] 
[2.961s]     catkinConfig.cmake
[2.962s]     catkin-config.cmake
[2.963s] 
[2.963s]   Add the installation prefix of "catkin" to CMAKE_PREFIX_PATH or set
[2.964s]   "catkin_DIR" to a directory containing one of the above files.  If "catkin"
[2.965s]   provides a separate development package or SDK, be sure it has been
[2.966s]   installed.
[2.967s] 
[2.968s] [0m
[2.968s] -- Configuring incomplete, errors occurred!
[2.968s] See also "/home/mohammed/ros2_ws/build/rplidar_ros/CMakeFiles/CMakeOutput.log".
[2.974s] Invoked command in '/home/mohammed/ros2_ws/build/rplidar_ros' returned '1': /usr/bin/cmake /home/mohammed/ros2_ws/src/rplidar_ros -DCATKIN_INSTALL_INTO_PREFIX_ROOT=0 -DCMAKE_INSTALL_PREFIX=/home/mohammed/ros2_ws/install/rplidar_ros
