[5.318s] Invoking command in '/home/mohammed/ros2_ws/src/imu_publisher': PYTHONPATH=/home/mohammed/ros2_ws/build/imu_publisher/prefix_override:/usr/lib/python3/dist-packages/colcon_core/task/python/colcon_distutils_commands:/home/mohammed/ros2_ws/install/imu_publisher/lib/python3.10/site-packages:${PYTHONPATH} /usr/bin/python3 -W ignore:setup.py install is deprecated -W ignore:easy_install command is deprecated setup.py egg_info --egg-base ../../build/imu_publisher build --build-base /home/mohammed/ros2_ws/build/imu_publisher/build install --record /home/mohammed/ros2_ws/build/imu_publisher/install.log --single-version-externally-managed install_data
[7.534s] running egg_info
[7.539s] writing ../../build/imu_publisher/imu_publisher.egg-info/PKG-INFO
[7.541s] writing dependency_links to ../../build/imu_publisher/imu_publisher.egg-info/dependency_links.txt
[7.543s] writing entry points to ../../build/imu_publisher/imu_publisher.egg-info/entry_points.txt
[7.545s] writing requirements to ../../build/imu_publisher/imu_publisher.egg-info/requires.txt
[7.546s] writing top-level names to ../../build/imu_publisher/imu_publisher.egg-info/top_level.txt
[7.556s] reading manifest file '../../build/imu_publisher/imu_publisher.egg-info/SOURCES.txt'
[7.562s] writing manifest file '../../build/imu_publisher/imu_publisher.egg-info/SOURCES.txt'
[7.563s] running build
[7.563s] running build_py
[7.565s] running install
[7.567s] running install_lib
[7.574s] running install_data
[7.575s] running install_egg_info
[7.585s] removing '/home/mohammed/ros2_ws/install/imu_publisher/lib/python3.10/site-packages/imu_publisher-0.0.0-py3.10.egg-info' (and everything under it)
[7.587s] Copying ../../build/imu_publisher/imu_publisher.egg-info to /home/mohammed/ros2_ws/install/imu_publisher/lib/python3.10/site-packages/imu_publisher-0.0.0-py3.10.egg-info
[7.596s] running install_scripts
[7.702s] Installing imu_node script to /home/mohammed/ros2_ws/install/imu_publisher/lib/imu_publisher
[7.704s] writing list of installed files to '/home/mohammed/ros2_ws/build/imu_publisher/install.log'
[7.911s] Invoked command in '/home/mohammed/ros2_ws/src/imu_publisher' returned '0': PYTHONPATH=/home/mohammed/ros2_ws/build/imu_publisher/prefix_override:/usr/lib/python3/dist-packages/colcon_core/task/python/colcon_distutils_commands:/home/mohammed/ros2_ws/install/imu_publisher/lib/python3.10/site-packages:${PYTHONPATH} /usr/bin/python3 -W ignore:setup.py install is deprecated -W ignore:easy_install command is deprecated setup.py egg_info --egg-base ../../build/imu_publisher build --build-base /home/mohammed/ros2_ws/build/imu_publisher/build install --record /home/mohammed/ros2_ws/build/imu_publisher/install.log --single-version-externally-managed install_data
