[1.057s] DEBUG:colcon:Command line arguments: ['/usr/bin/colcon', 'build']
[1.058s] DEBUG:colcon:Parsed command line arguments: Namespace(log_base=None, log_level=None, verb_name='build', build_base='build', install_base='install', merge_install=False, symlink_install=False, test_result_base=None, continue_on_error=False, executor='parallel', parallel_workers=4, event_handlers=None, ignore_user_meta=False, metas=['./colcon.meta'], base_paths=['.'], packages_ignore=None, packages_ignore_regex=None, paths=None, packages_up_to=None, packages_up_to_regex=None, packages_above=None, packages_above_and_dependencies=None, packages_above_depth=None, packages_select_by_dep=None, packages_skip_by_dep=None, packages_skip_up_to=None, packages_select_build_failed=False, packages_skip_build_finished=False, packages_select_test_failures=False, packages_skip_test_passed=False, packages_select=None, packages_skip=None, packages_select_regex=None, packages_skip_regex=None, packages_start=None, packages_end=None, allow_overriding=[], cmake_args=None, cmake_target=None, cmake_target_skip_unavailable=False, cmake_clean_cache=False, cmake_clean_first=False, cmake_force_configure=False, ament_cmake_args=None, catkin_cmake_args=None, catkin_skip_building_tests=False, verb_parser=<colcon_defaults.argument_parser.defaults.DefaultArgumentsDecorator object at 0xffffb54b77c0>, verb_extension=<colcon_core.verb.build.BuildVerb object at 0xffffb56a0b50>, main=<bound method BuildVerb.main of <colcon_core.verb.build.BuildVerb object at 0xffffb56a0b50>>)
[3.203s] Level 1:colcon.colcon_core.package_discovery:discover_packages(colcon_meta) check parameters
[3.204s] Level 1:colcon.colcon_core.package_discovery:discover_packages(recursive) check parameters
[3.204s] Level 1:colcon.colcon_core.package_discovery:discover_packages(ignore) check parameters
[3.204s] Level 1:colcon.colcon_core.package_discovery:discover_packages(path) check parameters
[3.204s] Level 1:colcon.colcon_core.package_discovery:discover_packages(colcon_meta) discover
[3.204s] Level 1:colcon.colcon_core.package_discovery:discover_packages(recursive) discover
[3.204s] INFO:colcon.colcon_core.package_discovery:Crawling recursively for packages in '/home/mohammed/ros2_ws'
[3.205s] Level 1:colcon.colcon_core.package_identification:_identify(.) by extensions ['ignore', 'ignore_ament_install']
[3.205s] Level 1:colcon.colcon_core.package_identification:_identify(.) by extension 'ignore'
[3.206s] Level 1:colcon.colcon_core.package_identification:_identify(.) by extension 'ignore_ament_install'
[3.206s] Level 1:colcon.colcon_core.package_identification:_identify(.) by extensions ['colcon_pkg']
[3.206s] Level 1:colcon.colcon_core.package_identification:_identify(.) by extension 'colcon_pkg'
[3.206s] Level 1:colcon.colcon_core.package_identification:_identify(.) by extensions ['colcon_meta']
[3.207s] Level 1:colcon.colcon_core.package_identification:_identify(.) by extension 'colcon_meta'
[3.207s] Level 1:colcon.colcon_core.package_identification:_identify(.) by extensions ['ros']
[3.207s] Level 1:colcon.colcon_core.package_identification:_identify(.) by extension 'ros'
[3.297s] Level 1:colcon.colcon_core.package_identification:_identify(.) by extensions ['cmake', 'python']
[3.297s] Level 1:colcon.colcon_core.package_identification:_identify(.) by extension 'cmake'
[3.298s] Level 1:colcon.colcon_core.package_identification:_identify(.) by extension 'python'
[3.299s] Level 1:colcon.colcon_core.package_identification:_identify(.) by extensions ['python_setup_py']
[3.299s] Level 1:colcon.colcon_core.package_identification:_identify(.) by extension 'python_setup_py'
[3.300s] Level 1:colcon.colcon_core.package_identification:_identify(build) by extensions ['ignore', 'ignore_ament_install']
[3.301s] Level 1:colcon.colcon_core.package_identification:_identify(build) by extension 'ignore'
[3.301s] Level 1:colcon.colcon_core.package_identification:_identify(build) ignored
[3.302s] Level 1:colcon.colcon_core.package_identification:_identify(install) by extensions ['ignore', 'ignore_ament_install']
[3.303s] Level 1:colcon.colcon_core.package_identification:_identify(install) by extension 'ignore'
[3.303s] Level 1:colcon.colcon_core.package_identification:_identify(install) ignored
[3.304s] Level 1:colcon.colcon_core.package_identification:_identify(log) by extensions ['ignore', 'ignore_ament_install']
[3.305s] Level 1:colcon.colcon_core.package_identification:_identify(log) by extension 'ignore'
[3.305s] Level 1:colcon.colcon_core.package_identification:_identify(log) ignored
[3.305s] Level 1:colcon.colcon_core.package_identification:_identify(src) by extensions ['ignore', 'ignore_ament_install']
[3.305s] Level 1:colcon.colcon_core.package_identification:_identify(src) by extension 'ignore'
[3.306s] Level 1:colcon.colcon_core.package_identification:_identify(src) by extension 'ignore_ament_install'
[3.306s] Level 1:colcon.colcon_core.package_identification:_identify(src) by extensions ['colcon_pkg']
[3.306s] Level 1:colcon.colcon_core.package_identification:_identify(src) by extension 'colcon_pkg'
[3.307s] Level 1:colcon.colcon_core.package_identification:_identify(src) by extensions ['colcon_meta']
[3.307s] Level 1:colcon.colcon_core.package_identification:_identify(src) by extension 'colcon_meta'
[3.307s] Level 1:colcon.colcon_core.package_identification:_identify(src) by extensions ['ros']
[3.307s] Level 1:colcon.colcon_core.package_identification:_identify(src) by extension 'ros'
[3.307s] Level 1:colcon.colcon_core.package_identification:_identify(src) by extensions ['cmake', 'python']
[3.308s] Level 1:colcon.colcon_core.package_identification:_identify(src) by extension 'cmake'
[3.308s] Level 1:colcon.colcon_core.package_identification:_identify(src) by extension 'python'
[3.308s] Level 1:colcon.colcon_core.package_identification:_identify(src) by extensions ['python_setup_py']
[3.308s] Level 1:colcon.colcon_core.package_identification:_identify(src) by extension 'python_setup_py'
[3.309s] Level 1:colcon.colcon_core.package_identification:_identify(src/imu_publisher) by extensions ['ignore', 'ignore_ament_install']
[3.309s] Level 1:colcon.colcon_core.package_identification:_identify(src/imu_publisher) by extension 'ignore'
[3.309s] Level 1:colcon.colcon_core.package_identification:_identify(src/imu_publisher) by extension 'ignore_ament_install'
[3.310s] Level 1:colcon.colcon_core.package_identification:_identify(src/imu_publisher) by extensions ['colcon_pkg']
[3.310s] Level 1:colcon.colcon_core.package_identification:_identify(src/imu_publisher) by extension 'colcon_pkg'
[3.310s] Level 1:colcon.colcon_core.package_identification:_identify(src/imu_publisher) by extensions ['colcon_meta']
[3.310s] Level 1:colcon.colcon_core.package_identification:_identify(src/imu_publisher) by extension 'colcon_meta'
[3.311s] Level 1:colcon.colcon_core.package_identification:_identify(src/imu_publisher) by extensions ['ros']
[3.311s] Level 1:colcon.colcon_core.package_identification:_identify(src/imu_publisher) by extension 'ros'
[3.333s] DEBUG:colcon.colcon_core.package_identification:Package 'src/imu_publisher' with type 'ros.ament_python' and name 'imu_publisher'
[3.334s] Level 1:colcon.colcon_core.package_discovery:discover_packages(recursive) using defaults
[3.334s] Level 1:colcon.colcon_core.package_discovery:discover_packages(ignore) discover
[3.334s] Level 1:colcon.colcon_core.package_discovery:discover_packages(ignore) using defaults
[3.334s] Level 1:colcon.colcon_core.package_discovery:discover_packages(path) discover
[3.335s] Level 1:colcon.colcon_core.package_discovery:discover_packages(path) using defaults
[3.549s] Level 1:colcon.colcon_core.package_discovery:discover_packages(prefix_path) check parameters
[3.549s] Level 1:colcon.colcon_core.package_discovery:discover_packages(prefix_path) discover
[3.577s] DEBUG:colcon.colcon_installed_package_information.package_discovery:Found 289 installed packages in /opt/ros/humble
[3.653s] Level 1:colcon.colcon_core.package_discovery:discover_packages(prefix_path) using defaults
[3.873s] Level 5:colcon.colcon_core.verb:set package 'imu_publisher' build argument 'cmake_args' from command line to 'None'
[3.874s] Level 5:colcon.colcon_core.verb:set package 'imu_publisher' build argument 'cmake_target' from command line to 'None'
[3.874s] Level 5:colcon.colcon_core.verb:set package 'imu_publisher' build argument 'cmake_target_skip_unavailable' from command line to 'False'
[3.874s] Level 5:colcon.colcon_core.verb:set package 'imu_publisher' build argument 'cmake_clean_cache' from command line to 'False'
[3.875s] Level 5:colcon.colcon_core.verb:set package 'imu_publisher' build argument 'cmake_clean_first' from command line to 'False'
[3.875s] Level 5:colcon.colcon_core.verb:set package 'imu_publisher' build argument 'cmake_force_configure' from command line to 'False'
[3.875s] Level 5:colcon.colcon_core.verb:set package 'imu_publisher' build argument 'ament_cmake_args' from command line to 'None'
[3.875s] Level 5:colcon.colcon_core.verb:set package 'imu_publisher' build argument 'catkin_cmake_args' from command line to 'None'
[3.875s] Level 5:colcon.colcon_core.verb:set package 'imu_publisher' build argument 'catkin_skip_building_tests' from command line to 'False'
[3.875s] DEBUG:colcon.colcon_core.verb:Building package 'imu_publisher' with the following arguments: {'ament_cmake_args': None, 'build_base': '/home/mohammed/ros2_ws/build/imu_publisher', 'catkin_cmake_args': None, 'catkin_skip_building_tests': False, 'cmake_args': None, 'cmake_clean_cache': False, 'cmake_clean_first': False, 'cmake_force_configure': False, 'cmake_target': None, 'cmake_target_skip_unavailable': False, 'install_base': '/home/mohammed/ros2_ws/install/imu_publisher', 'merge_install': False, 'path': '/home/mohammed/ros2_ws/src/imu_publisher', 'symlink_install': False, 'test_result_base': None}
[3.876s] INFO:colcon.colcon_core.executor:Executing jobs using 'parallel' executor
[3.879s] DEBUG:colcon.colcon_parallel_executor.executor.parallel:run_until_complete
[3.880s] INFO:colcon.colcon_ros.task.ament_python.build:Building ROS package in '/home/mohammed/ros2_ws/src/imu_publisher' with build type 'ament_python'
[3.881s] Level 1:colcon.colcon_core.shell:create_environment_hook('imu_publisher', 'ament_prefix_path')
[3.902s] INFO:colcon.colcon_core.plugin_system:Skipping extension 'colcon_core.shell.bat': Not used on non-Windows systems
[3.904s] INFO:colcon.colcon_core.shell:Creating environment hook '/home/mohammed/ros2_ws/install/imu_publisher/share/imu_publisher/hook/ament_prefix_path.ps1'
[3.911s] INFO:colcon.colcon_core.shell:Creating environment descriptor '/home/mohammed/ros2_ws/install/imu_publisher/share/imu_publisher/hook/ament_prefix_path.dsv'
[3.916s] INFO:colcon.colcon_core.shell:Creating environment hook '/home/mohammed/ros2_ws/install/imu_publisher/share/imu_publisher/hook/ament_prefix_path.sh'
[3.923s] INFO:colcon.colcon_core.shell:Skip shell extension 'powershell' for command environment: Not usable outside of PowerShell
[3.923s] DEBUG:colcon.colcon_core.shell:Skip shell extension 'dsv' for command environment
[5.424s] INFO:colcon.colcon_core.task.python.build:Building Python package in '/home/mohammed/ros2_ws/src/imu_publisher'
[5.425s] INFO:colcon.colcon_core.shell:Skip shell extension 'powershell' for command environment: Not usable outside of PowerShell
[5.426s] DEBUG:colcon.colcon_core.shell:Skip shell extension 'dsv' for command environment
[8.073s] DEBUG:colcon.colcon_core.event_handler.log_command:Invoking command in '/home/mohammed/ros2_ws/src/imu_publisher': PYTHONPATH=/home/mohammed/ros2_ws/build/imu_publisher/prefix_override:/usr/lib/python3/dist-packages/colcon_core/task/python/colcon_distutils_commands:/home/mohammed/ros2_ws/install/imu_publisher/lib/python3.10/site-packages:${PYTHONPATH} /usr/bin/python3 -W ignore:setup.py install is deprecated -W ignore:easy_install command is deprecated setup.py egg_info --egg-base ../../build/imu_publisher build --build-base /home/mohammed/ros2_ws/build/imu_publisher/build install --record /home/mohammed/ros2_ws/build/imu_publisher/install.log --single-version-externally-managed install_data
[9.615s] DEBUG:colcon.colcon_core.event_handler.log_command:Invoked command in '/home/mohammed/ros2_ws/src/imu_publisher' returned '0': PYTHONPATH=/home/mohammed/ros2_ws/build/imu_publisher/prefix_override:/usr/lib/python3/dist-packages/colcon_core/task/python/colcon_distutils_commands:/home/mohammed/ros2_ws/install/imu_publisher/lib/python3.10/site-packages:${PYTHONPATH} /usr/bin/python3 -W ignore:setup.py install is deprecated -W ignore:easy_install command is deprecated setup.py egg_info --egg-base ../../build/imu_publisher build --build-base /home/mohammed/ros2_ws/build/imu_publisher/build install --record /home/mohammed/ros2_ws/build/imu_publisher/install.log --single-version-externally-managed install_data
[9.639s] Level 1:colcon.colcon_core.environment:checking '/home/mohammed/ros2_ws/install/imu_publisher' for CMake module files
[9.644s] Level 1:colcon.colcon_core.environment:checking '/home/mohammed/ros2_ws/install/imu_publisher' for CMake config files
[9.651s] Level 1:colcon.colcon_core.environment:checking '/home/mohammed/ros2_ws/install/imu_publisher/lib'
[9.652s] Level 1:colcon.colcon_core.environment:checking '/home/mohammed/ros2_ws/install/imu_publisher/bin'
[9.653s] Level 1:colcon.colcon_core.environment:checking '/home/mohammed/ros2_ws/install/imu_publisher/lib/pkgconfig/imu_publisher.pc'
[9.654s] Level 1:colcon.colcon_core.environment:checking '/home/mohammed/ros2_ws/install/imu_publisher/lib/python3.10/site-packages'
[9.654s] Level 1:colcon.colcon_core.shell:create_environment_hook('imu_publisher', 'pythonpath')
[9.655s] INFO:colcon.colcon_core.shell:Creating environment hook '/home/mohammed/ros2_ws/install/imu_publisher/share/imu_publisher/hook/pythonpath.ps1'
[9.657s] INFO:colcon.colcon_core.shell:Creating environment descriptor '/home/mohammed/ros2_ws/install/imu_publisher/share/imu_publisher/hook/pythonpath.dsv'
[9.660s] INFO:colcon.colcon_core.shell:Creating environment hook '/home/mohammed/ros2_ws/install/imu_publisher/share/imu_publisher/hook/pythonpath.sh'
[9.662s] Level 1:colcon.colcon_core.environment:checking '/home/mohammed/ros2_ws/install/imu_publisher/bin'
[9.663s] Level 1:colcon.colcon_core.environment:create_environment_scripts_only(imu_publisher)
[9.664s] INFO:colcon.colcon_core.shell:Creating package script '/home/mohammed/ros2_ws/install/imu_publisher/share/imu_publisher/package.ps1'
[9.669s] INFO:colcon.colcon_core.shell:Creating package descriptor '/home/mohammed/ros2_ws/install/imu_publisher/share/imu_publisher/package.dsv'
[9.673s] INFO:colcon.colcon_core.shell:Creating package script '/home/mohammed/ros2_ws/install/imu_publisher/share/imu_publisher/package.sh'
[9.678s] INFO:colcon.colcon_core.shell:Creating package script '/home/mohammed/ros2_ws/install/imu_publisher/share/imu_publisher/package.bash'
[9.683s] INFO:colcon.colcon_core.shell:Creating package script '/home/mohammed/ros2_ws/install/imu_publisher/share/imu_publisher/package.zsh'
[9.689s] Level 1:colcon.colcon_core.environment:create_file_with_runtime_dependencies(/home/mohammed/ros2_ws/install/imu_publisher/share/colcon-core/packages/imu_publisher)
[9.691s] DEBUG:colcon.colcon_parallel_executor.executor.parallel:closing loop
[9.693s] DEBUG:colcon.colcon_parallel_executor.executor.parallel:loop closed
[9.694s] DEBUG:colcon.colcon_parallel_executor.executor.parallel:run_until_complete finished with '0'
[9.694s] DEBUG:colcon.colcon_core.event_reactor:joining thread
[9.731s] INFO:colcon.colcon_core.plugin_system:Skipping extension 'colcon_notification.desktop_notification.terminal_notifier': Not used on non-Darwin systems
[9.731s] INFO:colcon.colcon_core.plugin_system:Skipping extension 'colcon_notification.desktop_notification.win32': Not used on non-Windows systems
[9.732s] INFO:colcon.colcon_notification.desktop_notification:Sending desktop notification using 'notify2'
[9.801s] DEBUG:colcon.colcon_core.event_reactor:joined thread
[9.803s] INFO:colcon.colcon_core.shell:Creating prefix script '/home/mohammed/ros2_ws/install/local_setup.ps1'
[9.811s] INFO:colcon.colcon_core.shell:Creating prefix util module '/home/mohammed/ros2_ws/install/_local_setup_util_ps1.py'
[9.820s] INFO:colcon.colcon_core.shell:Creating prefix chain script '/home/mohammed/ros2_ws/install/setup.ps1'
[9.828s] INFO:colcon.colcon_core.shell:Creating prefix script '/home/mohammed/ros2_ws/install/local_setup.sh'
[9.832s] INFO:colcon.colcon_core.shell:Creating prefix util module '/home/mohammed/ros2_ws/install/_local_setup_util_sh.py'
[9.836s] INFO:colcon.colcon_core.shell:Creating prefix chain script '/home/mohammed/ros2_ws/install/setup.sh'
[9.842s] INFO:colcon.colcon_core.shell:Creating prefix script '/home/mohammed/ros2_ws/install/local_setup.bash'
[9.847s] INFO:colcon.colcon_core.shell:Creating prefix chain script '/home/mohammed/ros2_ws/install/setup.bash'
[9.853s] INFO:colcon.colcon_core.shell:Creating prefix script '/home/mohammed/ros2_ws/install/local_setup.zsh'
[9.857s] INFO:colcon.colcon_core.shell:Creating prefix chain script '/home/mohammed/ros2_ws/install/setup.zsh'
