[6.216s] Invoking command in '/home/mohammed/ros2_ws/src/imu_publisher': PYTHONPATH=/home/mohammed/ros2_ws/build/imu_publisher/prefix_override:/usr/lib/python3/dist-packages/colcon_core/task/python/colcon_distutils_commands:/home/mohammed/ros2_ws/install/imu_publisher/lib/python3.10/site-packages:${PYTHONPATH} /usr/bin/python3 -W ignore:setup.py install is deprecated -W ignore:easy_install command is deprecated setup.py egg_info --egg-base ../../build/imu_publisher build --build-base /home/mohammed/ros2_ws/build/imu_publisher/build install --record /home/mohammed/ros2_ws/build/imu_publisher/install.log --single-version-externally-managed install_data
[8.621s] running egg_info
[8.636s] writing ../../build/imu_publisher/imu_publisher.egg-info/PKG-INFO
[8.643s] writing dependency_links to ../../build/imu_publisher/imu_publisher.egg-info/dependency_links.txt
[8.644s] writing entry points to ../../build/imu_publisher/imu_publisher.egg-info/entry_points.txt
[8.646s] writing requirements to ../../build/imu_publisher/imu_publisher.egg-info/requires.txt
[8.648s] writing top-level names to ../../build/imu_publisher/imu_publisher.egg-info/top_level.txt
[8.664s] reading manifest file '../../build/imu_publisher/imu_publisher.egg-info/SOURCES.txt'
[8.673s] writing manifest file '../../build/imu_publisher/imu_publisher.egg-info/SOURCES.txt'
[8.675s] running build
[8.677s] running build_py
[8.679s] running install
[8.682s] running install_lib
[8.715s] running install_data
[8.716s] running install_egg_info
[8.730s] removing '/home/mohammed/ros2_ws/install/imu_publisher/lib/python3.10/site-packages/imu_publisher-0.0.0-py3.10.egg-info' (and everything under it)
[8.749s] Copying ../../build/imu_publisher/imu_publisher.egg-info to /home/mohammed/ros2_ws/install/imu_publisher/lib/python3.10/site-packages/imu_publisher-0.0.0-py3.10.egg-info
[8.761s] running install_scripts
[8.914s] Installing imu_node script to /home/mohammed/ros2_ws/install/imu_publisher/lib/imu_publisher
[8.918s] writing list of installed files to '/home/mohammed/ros2_ws/build/imu_publisher/install.log'
[9.231s] Invoked command in '/home/mohammed/ros2_ws/src/imu_publisher' returned '0': PYTHONPATH=/home/mohammed/ros2_ws/build/imu_publisher/prefix_override:/usr/lib/python3/dist-packages/colcon_core/task/python/colcon_distutils_commands:/home/mohammed/ros2_ws/install/imu_publisher/lib/python3.10/site-packages:${PYTHONPATH} /usr/bin/python3 -W ignore:setup.py install is deprecated -W ignore:easy_install command is deprecated setup.py egg_info --egg-base ../../build/imu_publisher build --build-base /home/mohammed/ros2_ws/build/imu_publisher/build install --record /home/mohammed/ros2_ws/build/imu_publisher/install.log --single-version-externally-managed install_data
