[0.112s] Invoking command in '/home/mohammed/ros2_ws/build/hector_map_tools': /usr/bin/cmake /home/mohammed/ros2_ws/src/hector_slam/hector_map_tools -DCATKIN_INSTALL_INTO_PREFIX_ROOT=0 -DCMAKE_INSTALL_PREFIX=/home/mohammed/ros2_ws/install/hector_map_tools
[0.345s] [31mCMake Error at CMakeLists.txt:4 (find_package):
[0.345s]   By not providing "Findcatkin.cmake" in CMAKE_MODULE_PATH this project has
[0.345s]   asked CMake to find a package configuration file provided by "catkin", but
[0.346s]   CMake did not find one.
[0.346s] 
[0.346s]   Could not find a package configuration file provided by "catkin" with any
[0.347s]   of the following names:
[0.347s] 
[0.348s]     catkinConfig.cmake
[0.348s]     catkin-config.cmake
[0.348s] 
[0.349s]   Add the installation prefix of "catkin" to CMAKE_PREFIX_PATH or set
[0.349s]   "catkin_DIR" to a directory containing one of the above files.  If "catkin"
[0.349s]   provides a separate development package or SDK, be sure it has been
[0.350s]   installed.
[0.350s] 
[0.358s] [0m
[0.358s] -- Configuring incomplete, errors occurred!
[0.358s] See also "/home/mohammed/ros2_ws/build/hector_map_tools/CMakeFiles/CMakeOutput.log".
[0.359s] Invoked command in '/home/mohammed/ros2_ws/build/hector_map_tools' returned '1': /usr/bin/cmake /home/mohammed/ros2_ws/src/hector_slam/hector_map_tools -DCATKIN_INSTALL_INTO_PREFIX_ROOT=0 -DCMAKE_INSTALL_PREFIX=/home/mohammed/ros2_ws/install/hector_map_tools
