[1.242s] Invoking command in '/home/mohammed/ros2_ws/build/rplidar_ros': /usr/bin/cmake /home/mohammed/ros2_ws/src/rplidar_ros -DCATKIN_INSTALL_INTO_PREFIX_ROOT=0 -DCMAKE_INSTALL_PREFIX=/home/mohammed/ros2_ws/install/rplidar_ros
[1.275s] [0mCMake Deprecation Warning at CMakeLists.txt:1 (cmake_minimum_required):
[1.276s]   Compatibility with CMake < 2.8.12 will be removed from a future version of
[1.276s]   CMake.
[1.277s] 
[1.277s]   Update the VERSION argument <min> value or use a ...<max> suffix to tell
[1.277s]   CMake that the project does not need compatibility with older versions.
[1.277s] 
[1.278s] [0m
[1.478s] [31mCMake Error at CMakeLists.txt:16 (find_package):
[1.479s]   By not providing "Findcatkin.cmake" in CMAKE_MODULE_PATH this project has
[1.479s]   asked CMake to find a package configuration file provided by "catkin", but
[1.480s]   CMake did not find one.
[1.480s] 
[1.480s]   Could not find a package configuration file provided by "catkin" with any
[1.481s]   of the following names:
[1.481s] 
[1.482s]     catkinConfig.cmake
[1.482s]     catkin-config.cmake
[1.483s] 
[1.484s]   Add the installation prefix of "catkin" to CMAKE_PREFIX_PATH or set
[1.484s]   "catkin_DIR" to a directory containing one of the above files.  If "catkin"
[1.485s]   provides a separate development package or SDK, be sure it has been
[1.485s]   installed.
[1.486s] 
[1.487s] [0m
[1.490s] -- Configuring incomplete, errors occurred!
[1.490s] See also "/home/mohammed/ros2_ws/build/rplidar_ros/CMakeFiles/CMakeOutput.log".
[1.494s] Invoked command in '/home/mohammed/ros2_ws/build/rplidar_ros' returned '1': /usr/bin/cmake /home/mohammed/ros2_ws/src/rplidar_ros -DCATKIN_INSTALL_INTO_PREFIX_ROOT=0 -DCMAKE_INSTALL_PREFIX=/home/mohammed/ros2_ws/install/rplidar_ros
