[0.100s] Invoking command in '/home/mohammed/ros2_ws/build/hector_nav_msgs': /usr/bin/cmake /home/mohammed/ros2_ws/src/hector_slam/hector_nav_msgs -DCATKIN_INSTALL_INTO_PREFIX_ROOT=0 -DCMAKE_INSTALL_PREFIX=/home/mohammed/ros2_ws/install/hector_nav_msgs
[0.338s] [31mCMake Error at CMakeLists.txt:4 (find_package):
[0.339s]   By not providing "Findcatkin.cmake" in CMAKE_MODULE_PATH this project has
[0.339s]   asked CMake to find a package configuration file provided by "catkin", but
[0.340s]   CMake did not find one.
[0.340s] 
[0.342s]   Could not find a package configuration file provided by "catkin" with any
[0.344s]   of the following names:
[0.352s] 
[0.353s]     catkinConfig.cmake
[0.353s]     catkin-config.cmake
[0.354s] 
[0.355s]   Add the installation prefix of "catkin" to CMAKE_PREFIX_PATH or set
[0.355s]   "catkin_DIR" to a directory containing one of the above files.  If "catkin"
[0.355s]   provides a separate development package or SDK, be sure it has been
[0.356s]   installed.
[0.356s] 
[0.357s] [0m
[0.357s] -- Configuring incomplete, errors occurred!
[0.358s] See also "/home/mohammed/ros2_ws/build/hector_nav_msgs/CMakeFiles/CMakeOutput.log".
[0.359s] Invoked command in '/home/mohammed/ros2_ws/build/hector_nav_msgs' returned '1': /usr/bin/cmake /home/mohammed/ros2_ws/src/hector_slam/hector_nav_msgs -DCATKIN_INSTALL_INTO_PREFIX_ROOT=0 -DCMAKE_INSTALL_PREFIX=/home/mohammed/ros2_ws/install/hector_nav_msgs
