[6.748s] Invoking command in '/home/mohammed/ros2_ws/src/lidar_obstacle_avoidance': PYTHONPATH=/home/mohammed/ros2_ws/build/lidar_obstacle_avoidance/prefix_override:/usr/lib/python3/dist-packages/colcon_core/task/python/colcon_distutils_commands:/home/mohammed/ros2_ws/install/lidar_obstacle_avoidance/lib/python3.10/site-packages:${PYTHONPATH} /usr/bin/python3 -W ignore:setup.py install is deprecated -W ignore:easy_install command is deprecated setup.py egg_info --egg-base ../../build/lidar_obstacle_avoidance build --build-base /home/mohammed/ros2_ws/build/lidar_obstacle_avoidance/build install --record /home/mohammed/ros2_ws/build/lidar_obstacle_avoidance/install.log --single-version-externally-managed install_data
[8.320s] running egg_info
[8.327s] writing ../../build/lidar_obstacle_avoidance/lidar_obstacle_avoidance.egg-info/PKG-INFO
[8.329s] writing dependency_links to ../../build/lidar_obstacle_avoidance/lidar_obstacle_avoidance.egg-info/dependency_links.txt
[8.330s] writing entry points to ../../build/lidar_obstacle_avoidance/lidar_obstacle_avoidance.egg-info/entry_points.txt
[8.331s] writing requirements to ../../build/lidar_obstacle_avoidance/lidar_obstacle_avoidance.egg-info/requires.txt
[8.332s] writing top-level names to ../../build/lidar_obstacle_avoidance/lidar_obstacle_avoidance.egg-info/top_level.txt
[8.343s] reading manifest file '../../build/lidar_obstacle_avoidance/lidar_obstacle_avoidance.egg-info/SOURCES.txt'
[8.349s] writing manifest file '../../build/lidar_obstacle_avoidance/lidar_obstacle_avoidance.egg-info/SOURCES.txt'
[8.350s] running build
[8.352s] running build_py
[8.359s] running install
[8.361s] running install_lib
[8.373s] running install_data
[8.375s] running install_egg_info
[8.391s] removing '/home/mohammed/ros2_ws/install/lidar_obstacle_avoidance/lib/python3.10/site-packages/lidar_obstacle_avoidance-0.0.0-py3.10.egg-info' (and everything under it)
[8.394s] Copying ../../build/lidar_obstacle_avoidance/lidar_obstacle_avoidance.egg-info to /home/mohammed/ros2_ws/install/lidar_obstacle_avoidance/lib/python3.10/site-packages/lidar_obstacle_avoidance-0.0.0-py3.10.egg-info
[8.409s] running install_scripts
[8.543s] Installing lidar_obstacle_avoidance_node script to /home/mohammed/ros2_ws/install/lidar_obstacle_avoidance/lib/lidar_obstacle_avoidance
[8.549s] writing list of installed files to '/home/mohammed/ros2_ws/build/lidar_obstacle_avoidance/install.log'
[8.855s] Invoked command in '/home/mohammed/ros2_ws/src/lidar_obstacle_avoidance' returned '0': PYTHONPATH=/home/mohammed/ros2_ws/build/lidar_obstacle_avoidance/prefix_override:/usr/lib/python3/dist-packages/colcon_core/task/python/colcon_distutils_commands:/home/mohammed/ros2_ws/install/lidar_obstacle_avoidance/lib/python3.10/site-packages:${PYTHONPATH} /usr/bin/python3 -W ignore:setup.py install is deprecated -W ignore:easy_install command is deprecated setup.py egg_info --egg-base ../../build/lidar_obstacle_avoidance build --build-base /home/mohammed/ros2_ws/build/lidar_obstacle_avoidance/build install --record /home/mohammed/ros2_ws/build/lidar_obstacle_avoidance/install.log --single-version-externally-managed install_data
