[0.803s] DEBUG:colcon:Command line arguments: ['/usr/bin/colcon', 'build']
[0.803s] DEBUG:colcon:Parsed command line arguments: Namespace(log_base=None, log_level=None, verb_name='build', build_base='build', install_base='install', merge_install=False, symlink_install=False, test_result_base=None, continue_on_error=False, executor='parallel', parallel_workers=4, event_handlers=None, ignore_user_meta=False, metas=['./colcon.meta'], base_paths=['.'], packages_ignore=None, packages_ignore_regex=None, paths=None, packages_up_to=None, packages_up_to_regex=None, packages_above=None, packages_above_and_dependencies=None, packages_above_depth=None, packages_select_by_dep=None, packages_skip_by_dep=None, packages_skip_up_to=None, packages_select_build_failed=False, packages_skip_build_finished=False, packages_select_test_failures=False, packages_skip_test_passed=False, packages_select=None, packages_skip=None, packages_select_regex=None, packages_skip_regex=None, packages_start=None, packages_end=None, allow_overriding=[], cmake_args=None, cmake_target=None, cmake_target_skip_unavailable=False, cmake_clean_cache=False, cmake_clean_first=False, cmake_force_configure=False, ament_cmake_args=None, catkin_cmake_args=None, catkin_skip_building_tests=False, verb_parser=<colcon_defaults.argument_parser.defaults.DefaultArgumentsDecorator object at 0xffffab317a90>, verb_extension=<colcon_core.verb.build.BuildVerb object at 0xffffab4fce20>, main=<bound method BuildVerb.main of <colcon_core.verb.build.BuildVerb object at 0xffffab4fce20>>)
[2.815s] Level 1:colcon.colcon_core.package_discovery:discover_packages(colcon_meta) check parameters
[2.816s] Level 1:colcon.colcon_core.package_discovery:discover_packages(recursive) check parameters
[2.816s] Level 1:colcon.colcon_core.package_discovery:discover_packages(ignore) check parameters
[2.816s] Level 1:colcon.colcon_core.package_discovery:discover_packages(path) check parameters
[2.816s] Level 1:colcon.colcon_core.package_discovery:discover_packages(colcon_meta) discover
[2.816s] Level 1:colcon.colcon_core.package_discovery:discover_packages(recursive) discover
[2.816s] INFO:colcon.colcon_core.package_discovery:Crawling recursively for packages in '/home/mohammed/ros2_ws'
[2.817s] Level 1:colcon.colcon_core.package_identification:_identify(.) by extensions ['ignore', 'ignore_ament_install']
[2.817s] Level 1:colcon.colcon_core.package_identification:_identify(.) by extension 'ignore'
[2.818s] Level 1:colcon.colcon_core.package_identification:_identify(.) by extension 'ignore_ament_install'
[2.818s] Level 1:colcon.colcon_core.package_identification:_identify(.) by extensions ['colcon_pkg']
[2.818s] Level 1:colcon.colcon_core.package_identification:_identify(.) by extension 'colcon_pkg'
[2.818s] Level 1:colcon.colcon_core.package_identification:_identify(.) by extensions ['colcon_meta']
[2.819s] Level 1:colcon.colcon_core.package_identification:_identify(.) by extension 'colcon_meta'
[2.819s] Level 1:colcon.colcon_core.package_identification:_identify(.) by extensions ['ros']
[2.819s] Level 1:colcon.colcon_core.package_identification:_identify(.) by extension 'ros'
[2.903s] Level 1:colcon.colcon_core.package_identification:_identify(.) by extensions ['cmake', 'python']
[2.903s] Level 1:colcon.colcon_core.package_identification:_identify(.) by extension 'cmake'
[2.903s] Level 1:colcon.colcon_core.package_identification:_identify(.) by extension 'python'
[2.904s] Level 1:colcon.colcon_core.package_identification:_identify(.) by extensions ['python_setup_py']
[2.904s] Level 1:colcon.colcon_core.package_identification:_identify(.) by extension 'python_setup_py'
[2.904s] Level 1:colcon.colcon_core.package_identification:_identify(build) by extensions ['ignore', 'ignore_ament_install']
[2.905s] Level 1:colcon.colcon_core.package_identification:_identify(build) by extension 'ignore'
[2.906s] Level 1:colcon.colcon_core.package_identification:_identify(build) ignored
[2.908s] Level 1:colcon.colcon_core.package_identification:_identify(install) by extensions ['ignore', 'ignore_ament_install']
[2.908s] Level 1:colcon.colcon_core.package_identification:_identify(install) by extension 'ignore'
[2.909s] Level 1:colcon.colcon_core.package_identification:_identify(install) ignored
[2.910s] Level 1:colcon.colcon_core.package_identification:_identify(log) by extensions ['ignore', 'ignore_ament_install']
[2.910s] Level 1:colcon.colcon_core.package_identification:_identify(log) by extension 'ignore'
[2.911s] Level 1:colcon.colcon_core.package_identification:_identify(log) ignored
[2.912s] Level 1:colcon.colcon_core.package_identification:_identify(src) by extensions ['ignore', 'ignore_ament_install']
[2.913s] Level 1:colcon.colcon_core.package_identification:_identify(src) by extension 'ignore'
[2.913s] Level 1:colcon.colcon_core.package_identification:_identify(src) by extension 'ignore_ament_install'
[2.914s] Level 1:colcon.colcon_core.package_identification:_identify(src) by extensions ['colcon_pkg']
[2.914s] Level 1:colcon.colcon_core.package_identification:_identify(src) by extension 'colcon_pkg'
[2.914s] Level 1:colcon.colcon_core.package_identification:_identify(src) by extensions ['colcon_meta']
[2.914s] Level 1:colcon.colcon_core.package_identification:_identify(src) by extension 'colcon_meta'
[2.915s] Level 1:colcon.colcon_core.package_identification:_identify(src) by extensions ['ros']
[2.915s] Level 1:colcon.colcon_core.package_identification:_identify(src) by extension 'ros'
[2.915s] Level 1:colcon.colcon_core.package_identification:_identify(src) by extensions ['cmake', 'python']
[2.916s] Level 1:colcon.colcon_core.package_identification:_identify(src) by extension 'cmake'
[2.916s] Level 1:colcon.colcon_core.package_identification:_identify(src) by extension 'python'
[2.917s] Level 1:colcon.colcon_core.package_identification:_identify(src) by extensions ['python_setup_py']
[2.917s] Level 1:colcon.colcon_core.package_identification:_identify(src) by extension 'python_setup_py'
[2.918s] Level 1:colcon.colcon_core.package_identification:_identify(src/imu_publisher) by extensions ['ignore', 'ignore_ament_install']
[2.918s] Level 1:colcon.colcon_core.package_identification:_identify(src/imu_publisher) by extension 'ignore'
[2.919s] Level 1:colcon.colcon_core.package_identification:_identify(src/imu_publisher) by extension 'ignore_ament_install'
[2.920s] Level 1:colcon.colcon_core.package_identification:_identify(src/imu_publisher) by extensions ['colcon_pkg']
[2.920s] Level 1:colcon.colcon_core.package_identification:_identify(src/imu_publisher) by extension 'colcon_pkg'
[2.921s] Level 1:colcon.colcon_core.package_identification:_identify(src/imu_publisher) by extensions ['colcon_meta']
[2.921s] Level 1:colcon.colcon_core.package_identification:_identify(src/imu_publisher) by extension 'colcon_meta'
[2.921s] Level 1:colcon.colcon_core.package_identification:_identify(src/imu_publisher) by extensions ['ros']
[2.922s] Level 1:colcon.colcon_core.package_identification:_identify(src/imu_publisher) by extension 'ros'
[2.941s] DEBUG:colcon.colcon_core.package_identification:Package 'src/imu_publisher' with type 'ros.ament_python' and name 'imu_publisher'
[2.941s] Level 1:colcon.colcon_core.package_discovery:discover_packages(recursive) using defaults
[2.942s] Level 1:colcon.colcon_core.package_discovery:discover_packages(ignore) discover
[2.942s] Level 1:colcon.colcon_core.package_discovery:discover_packages(ignore) using defaults
[2.942s] Level 1:colcon.colcon_core.package_discovery:discover_packages(path) discover
[2.942s] Level 1:colcon.colcon_core.package_discovery:discover_packages(path) using defaults
[3.130s] Level 1:colcon.colcon_core.package_discovery:discover_packages(prefix_path) check parameters
[3.131s] Level 1:colcon.colcon_core.package_discovery:discover_packages(prefix_path) discover
[3.231s] DEBUG:colcon.colcon_installed_package_information.package_discovery:Found 6 installed packages in /home/mohammed/ros2_ws/install
[3.243s] DEBUG:colcon.colcon_installed_package_information.package_discovery:Found 289 installed packages in /opt/ros/humble
[3.252s] Level 1:colcon.colcon_core.package_discovery:discover_packages(prefix_path) using defaults
[3.531s] Level 5:colcon.colcon_core.verb:set package 'imu_publisher' build argument 'cmake_args' from command line to 'None'
[3.531s] Level 5:colcon.colcon_core.verb:set package 'imu_publisher' build argument 'cmake_target' from command line to 'None'
[3.531s] Level 5:colcon.colcon_core.verb:set package 'imu_publisher' build argument 'cmake_target_skip_unavailable' from command line to 'False'
[3.531s] Level 5:colcon.colcon_core.verb:set package 'imu_publisher' build argument 'cmake_clean_cache' from command line to 'False'
[3.531s] Level 5:colcon.colcon_core.verb:set package 'imu_publisher' build argument 'cmake_clean_first' from command line to 'False'
[3.531s] Level 5:colcon.colcon_core.verb:set package 'imu_publisher' build argument 'cmake_force_configure' from command line to 'False'
[3.531s] Level 5:colcon.colcon_core.verb:set package 'imu_publisher' build argument 'ament_cmake_args' from command line to 'None'
[3.532s] Level 5:colcon.colcon_core.verb:set package 'imu_publisher' build argument 'catkin_cmake_args' from command line to 'None'
[3.532s] Level 5:colcon.colcon_core.verb:set package 'imu_publisher' build argument 'catkin_skip_building_tests' from command line to 'False'
[3.532s] DEBUG:colcon.colcon_core.verb:Building package 'imu_publisher' with the following arguments: {'ament_cmake_args': None, 'build_base': '/home/mohammed/ros2_ws/build/imu_publisher', 'catkin_cmake_args': None, 'catkin_skip_building_tests': False, 'cmake_args': None, 'cmake_clean_cache': False, 'cmake_clean_first': False, 'cmake_force_configure': False, 'cmake_target': None, 'cmake_target_skip_unavailable': False, 'install_base': '/home/mohammed/ros2_ws/install/imu_publisher', 'merge_install': False, 'path': '/home/mohammed/ros2_ws/src/imu_publisher', 'symlink_install': False, 'test_result_base': None}
[3.532s] INFO:colcon.colcon_core.executor:Executing jobs using 'parallel' executor
[3.536s] DEBUG:colcon.colcon_parallel_executor.executor.parallel:run_until_complete
[3.537s] INFO:colcon.colcon_ros.task.ament_python.build:Building ROS package in '/home/mohammed/ros2_ws/src/imu_publisher' with build type 'ament_python'
[3.538s] Level 1:colcon.colcon_core.shell:create_environment_hook('imu_publisher', 'ament_prefix_path')
[3.560s] INFO:colcon.colcon_core.plugin_system:Skipping extension 'colcon_core.shell.bat': Not used on non-Windows systems
[3.562s] INFO:colcon.colcon_core.shell:Creating environment hook '/home/mohammed/ros2_ws/install/imu_publisher/share/imu_publisher/hook/ament_prefix_path.ps1'
[3.569s] INFO:colcon.colcon_core.shell:Creating environment descriptor '/home/mohammed/ros2_ws/install/imu_publisher/share/imu_publisher/hook/ament_prefix_path.dsv'
[3.573s] INFO:colcon.colcon_core.shell:Creating environment hook '/home/mohammed/ros2_ws/install/imu_publisher/share/imu_publisher/hook/ament_prefix_path.sh'
[3.578s] INFO:colcon.colcon_core.shell:Skip shell extension 'powershell' for command environment: Not usable outside of PowerShell
[3.578s] DEBUG:colcon.colcon_core.shell:Skip shell extension 'dsv' for command environment
[5.096s] INFO:colcon.colcon_core.task.python.build:Building Python package in '/home/mohammed/ros2_ws/src/imu_publisher'
[5.097s] INFO:colcon.colcon_core.shell:Skip shell extension 'powershell' for command environment: Not usable outside of PowerShell
[5.097s] DEBUG:colcon.colcon_core.shell:Skip shell extension 'dsv' for command environment
[7.175s] DEBUG:colcon.colcon_core.event_handler.log_command:Invoking command in '/home/mohammed/ros2_ws/src/imu_publisher': PYTHONPATH=/home/mohammed/ros2_ws/build/imu_publisher/prefix_override:/usr/lib/python3/dist-packages/colcon_core/task/python/colcon_distutils_commands:/home/mohammed/ros2_ws/install/imu_publisher/lib/python3.10/site-packages:${PYTHONPATH} /usr/bin/python3 -W ignore:setup.py install is deprecated -W ignore:easy_install command is deprecated setup.py egg_info --egg-base ../../build/imu_publisher build --build-base /home/mohammed/ros2_ws/build/imu_publisher/build install --record /home/mohammed/ros2_ws/build/imu_publisher/install.log --single-version-externally-managed install_data
[9.184s] DEBUG:colcon.colcon_core.event_handler.log_command:Invoked command in '/home/mohammed/ros2_ws/src/imu_publisher' returned '0': PYTHONPATH=/home/mohammed/ros2_ws/build/imu_publisher/prefix_override:/usr/lib/python3/dist-packages/colcon_core/task/python/colcon_distutils_commands:/home/mohammed/ros2_ws/install/imu_publisher/lib/python3.10/site-packages:${PYTHONPATH} /usr/bin/python3 -W ignore:setup.py install is deprecated -W ignore:easy_install command is deprecated setup.py egg_info --egg-base ../../build/imu_publisher build --build-base /home/mohammed/ros2_ws/build/imu_publisher/build install --record /home/mohammed/ros2_ws/build/imu_publisher/install.log --single-version-externally-managed install_data
[9.219s] Level 1:colcon.colcon_core.environment:checking '/home/mohammed/ros2_ws/install/imu_publisher' for CMake module files
[9.226s] Level 1:colcon.colcon_core.environment:checking '/home/mohammed/ros2_ws/install/imu_publisher' for CMake config files
[9.241s] Level 1:colcon.colcon_core.environment:checking '/home/mohammed/ros2_ws/install/imu_publisher/lib'
[9.244s] Level 1:colcon.colcon_core.environment:checking '/home/mohammed/ros2_ws/install/imu_publisher/bin'
[9.245s] Level 1:colcon.colcon_core.environment:checking '/home/mohammed/ros2_ws/install/imu_publisher/lib/pkgconfig/imu_publisher.pc'
[9.247s] Level 1:colcon.colcon_core.environment:checking '/home/mohammed/ros2_ws/install/imu_publisher/lib/python3.10/site-packages'
[9.248s] Level 1:colcon.colcon_core.shell:create_environment_hook('imu_publisher', 'pythonpath')
[9.250s] INFO:colcon.colcon_core.shell:Creating environment hook '/home/mohammed/ros2_ws/install/imu_publisher/share/imu_publisher/hook/pythonpath.ps1'
[9.255s] INFO:colcon.colcon_core.shell:Creating environment descriptor '/home/mohammed/ros2_ws/install/imu_publisher/share/imu_publisher/hook/pythonpath.dsv'
[9.260s] INFO:colcon.colcon_core.shell:Creating environment hook '/home/mohammed/ros2_ws/install/imu_publisher/share/imu_publisher/hook/pythonpath.sh'
[9.268s] Level 1:colcon.colcon_core.environment:checking '/home/mohammed/ros2_ws/install/imu_publisher/bin'
[9.269s] Level 1:colcon.colcon_core.environment:create_environment_scripts_only(imu_publisher)
[9.273s] INFO:colcon.colcon_core.shell:Creating package script '/home/mohammed/ros2_ws/install/imu_publisher/share/imu_publisher/package.ps1'
[9.281s] INFO:colcon.colcon_core.shell:Creating package descriptor '/home/mohammed/ros2_ws/install/imu_publisher/share/imu_publisher/package.dsv'
[9.286s] INFO:colcon.colcon_core.shell:Creating package script '/home/mohammed/ros2_ws/install/imu_publisher/share/imu_publisher/package.sh'
[9.291s] INFO:colcon.colcon_core.shell:Creating package script '/home/mohammed/ros2_ws/install/imu_publisher/share/imu_publisher/package.bash'
[9.297s] INFO:colcon.colcon_core.shell:Creating package script '/home/mohammed/ros2_ws/install/imu_publisher/share/imu_publisher/package.zsh'
[9.303s] Level 1:colcon.colcon_core.environment:create_file_with_runtime_dependencies(/home/mohammed/ros2_ws/install/imu_publisher/share/colcon-core/packages/imu_publisher)
[9.305s] DEBUG:colcon.colcon_parallel_executor.executor.parallel:closing loop
[9.307s] DEBUG:colcon.colcon_parallel_executor.executor.parallel:loop closed
[9.307s] DEBUG:colcon.colcon_parallel_executor.executor.parallel:run_until_complete finished with '0'
[9.308s] DEBUG:colcon.colcon_core.event_reactor:joining thread
[9.379s] INFO:colcon.colcon_core.plugin_system:Skipping extension 'colcon_notification.desktop_notification.terminal_notifier': Not used on non-Darwin systems
[9.380s] INFO:colcon.colcon_core.plugin_system:Skipping extension 'colcon_notification.desktop_notification.win32': Not used on non-Windows systems
[9.380s] INFO:colcon.colcon_notification.desktop_notification:Sending desktop notification using 'notify2'
[9.620s] DEBUG:colcon.colcon_core.event_reactor:joined thread
[9.622s] INFO:colcon.colcon_core.shell:Creating prefix script '/home/mohammed/ros2_ws/install/local_setup.ps1'
[9.631s] INFO:colcon.colcon_core.shell:Creating prefix util module '/home/mohammed/ros2_ws/install/_local_setup_util_ps1.py'
[9.645s] INFO:colcon.colcon_core.shell:Creating prefix chain script '/home/mohammed/ros2_ws/install/setup.ps1'
[9.655s] INFO:colcon.colcon_core.shell:Creating prefix script '/home/mohammed/ros2_ws/install/local_setup.sh'
[9.663s] INFO:colcon.colcon_core.shell:Creating prefix util module '/home/mohammed/ros2_ws/install/_local_setup_util_sh.py'
[9.671s] INFO:colcon.colcon_core.shell:Creating prefix chain script '/home/mohammed/ros2_ws/install/setup.sh'
[9.679s] INFO:colcon.colcon_core.shell:Creating prefix script '/home/mohammed/ros2_ws/install/local_setup.bash'
[9.683s] INFO:colcon.colcon_core.shell:Creating prefix chain script '/home/mohammed/ros2_ws/install/setup.bash'
[9.690s] INFO:colcon.colcon_core.shell:Creating prefix script '/home/mohammed/ros2_ws/install/local_setup.zsh'
[9.695s] INFO:colcon.colcon_core.shell:Creating prefix chain script '/home/mohammed/ros2_ws/install/setup.zsh'
