[0.151s] Invoking command in '/home/mohammed/ros2_ws/build/hector_mapping': /usr/bin/cmake /home/mohammed/ros2_ws/src/hector_slam/hector_mapping -DCATKIN_INSTALL_INTO_PREFIX_ROOT=0 -DCMAKE_INSTALL_PREFIX=/home/mohammed/ros2_ws/install/hector_mapping
[0.420s] [31mCMake Error at CMakeLists.txt:4 (find_package):
[0.421s]   By not providing "Findcatkin.cmake" in CMAKE_MODULE_PATH this project has
[0.422s]   asked CMake to find a package configuration file provided by "catkin", but
[0.422s]   CMake did not find one.
[0.423s] 
[0.423s]   Could not find a package configuration file provided by "catkin" with any
[0.424s]   of the following names:
[0.425s] 
[0.425s]     catkinConfig.cmake
[0.425s]     catkin-config.cmake
[0.426s] 
[0.426s]   Add the installation prefix of "catkin" to CMAKE_PREFIX_PATH or set
[0.426s]   "catkin_DIR" to a directory containing one of the above files.  If "catkin"
[0.427s]   provides a separate development package or SDK, be sure it has been
[0.427s]   installed.
[0.428s] 
[0.428s] [0m
[0.429s] -- Configuring incomplete, errors occurred!
[0.429s] See also "/home/mohammed/ros2_ws/build/hector_mapping/CMakeFiles/CMakeOutput.log".
[0.483s] Invoked command in '/home/mohammed/ros2_ws/build/hector_mapping' returned '1': /usr/bin/cmake /home/mohammed/ros2_ws/src/hector_slam/hector_mapping -DCATKIN_INSTALL_INTO_PREFIX_ROOT=0 -DCMAKE_INSTALL_PREFIX=/home/mohammed/ros2_ws/install/hector_mapping
