[1.067s] DEBUG:colcon:Command line arguments: ['/usr/bin/colcon', 'build']
[1.068s] DEBUG:colcon:Parsed command line arguments: Namespace(log_base=None, log_level=None, verb_name='build', build_base='build', install_base='install', merge_install=False, symlink_install=False, test_result_base=None, continue_on_error=False, executor='parallel', parallel_workers=4, event_handlers=None, ignore_user_meta=False, metas=['./colcon.meta'], base_paths=['.'], packages_ignore=None, packages_ignore_regex=None, paths=None, packages_up_to=None, packages_up_to_regex=None, packages_above=None, packages_above_and_dependencies=None, packages_above_depth=None, packages_select_by_dep=None, packages_skip_by_dep=None, packages_skip_up_to=None, packages_select_build_failed=False, packages_skip_build_finished=False, packages_select_test_failures=False, packages_skip_test_passed=False, packages_select=None, packages_skip=None, packages_select_regex=None, packages_skip_regex=None, packages_start=None, packages_end=None, allow_overriding=[], cmake_args=None, cmake_target=None, cmake_target_skip_unavailable=False, cmake_clean_cache=False, cmake_clean_first=False, cmake_force_configure=False, ament_cmake_args=None, catkin_cmake_args=None, catkin_skip_building_tests=False, verb_parser=<colcon_defaults.argument_parser.defaults.DefaultArgumentsDecorator object at 0xffffb33177f0>, verb_extension=<colcon_core.verb.build.BuildVerb object at 0xffffb3500b80>, main=<bound method BuildVerb.main of <colcon_core.verb.build.BuildVerb object at 0xffffb3500b80>>)
[2.612s] Level 1:colcon.colcon_core.package_discovery:discover_packages(colcon_meta) check parameters
[2.613s] Level 1:colcon.colcon_core.package_discovery:discover_packages(recursive) check parameters
[2.613s] Level 1:colcon.colcon_core.package_discovery:discover_packages(ignore) check parameters
[2.614s] Level 1:colcon.colcon_core.package_discovery:discover_packages(path) check parameters
[2.614s] Level 1:colcon.colcon_core.package_discovery:discover_packages(colcon_meta) discover
[2.614s] Level 1:colcon.colcon_core.package_discovery:discover_packages(recursive) discover
[2.614s] INFO:colcon.colcon_core.package_discovery:Crawling recursively for packages in '/home/mohammed/ros2_ws'
[2.615s] Level 1:colcon.colcon_core.package_identification:_identify(.) by extensions ['ignore', 'ignore_ament_install']
[2.616s] Level 1:colcon.colcon_core.package_identification:_identify(.) by extension 'ignore'
[2.616s] Level 1:colcon.colcon_core.package_identification:_identify(.) by extension 'ignore_ament_install'
[2.616s] Level 1:colcon.colcon_core.package_identification:_identify(.) by extensions ['colcon_pkg']
[2.617s] Level 1:colcon.colcon_core.package_identification:_identify(.) by extension 'colcon_pkg'
[2.617s] Level 1:colcon.colcon_core.package_identification:_identify(.) by extensions ['colcon_meta']
[2.617s] Level 1:colcon.colcon_core.package_identification:_identify(.) by extension 'colcon_meta'
[2.618s] Level 1:colcon.colcon_core.package_identification:_identify(.) by extensions ['ros']
[2.618s] Level 1:colcon.colcon_core.package_identification:_identify(.) by extension 'ros'
[2.696s] Level 1:colcon.colcon_core.package_identification:_identify(.) by extensions ['cmake', 'python']
[2.697s] Level 1:colcon.colcon_core.package_identification:_identify(.) by extension 'cmake'
[2.697s] Level 1:colcon.colcon_core.package_identification:_identify(.) by extension 'python'
[2.697s] Level 1:colcon.colcon_core.package_identification:_identify(.) by extensions ['python_setup_py']
[2.697s] Level 1:colcon.colcon_core.package_identification:_identify(.) by extension 'python_setup_py'
[2.699s] Level 1:colcon.colcon_core.package_identification:_identify(build) by extensions ['ignore', 'ignore_ament_install']
[2.700s] Level 1:colcon.colcon_core.package_identification:_identify(build) by extension 'ignore'
[2.700s] Level 1:colcon.colcon_core.package_identification:_identify(build) ignored
[2.702s] Level 1:colcon.colcon_core.package_identification:_identify(install) by extensions ['ignore', 'ignore_ament_install']
[2.703s] Level 1:colcon.colcon_core.package_identification:_identify(install) by extension 'ignore'
[2.703s] Level 1:colcon.colcon_core.package_identification:_identify(install) ignored
[2.704s] Level 1:colcon.colcon_core.package_identification:_identify(log) by extensions ['ignore', 'ignore_ament_install']
[2.704s] Level 1:colcon.colcon_core.package_identification:_identify(log) by extension 'ignore'
[2.705s] Level 1:colcon.colcon_core.package_identification:_identify(log) ignored
[2.705s] Level 1:colcon.colcon_core.package_identification:_identify(src) by extensions ['ignore', 'ignore_ament_install']
[2.706s] Level 1:colcon.colcon_core.package_identification:_identify(src) by extension 'ignore'
[2.706s] Level 1:colcon.colcon_core.package_identification:_identify(src) by extension 'ignore_ament_install'
[2.707s] Level 1:colcon.colcon_core.package_identification:_identify(src) by extensions ['colcon_pkg']
[2.707s] Level 1:colcon.colcon_core.package_identification:_identify(src) by extension 'colcon_pkg'
[2.707s] Level 1:colcon.colcon_core.package_identification:_identify(src) by extensions ['colcon_meta']
[2.707s] Level 1:colcon.colcon_core.package_identification:_identify(src) by extension 'colcon_meta'
[2.707s] Level 1:colcon.colcon_core.package_identification:_identify(src) by extensions ['ros']
[2.708s] Level 1:colcon.colcon_core.package_identification:_identify(src) by extension 'ros'
[2.708s] Level 1:colcon.colcon_core.package_identification:_identify(src) by extensions ['cmake', 'python']
[2.708s] Level 1:colcon.colcon_core.package_identification:_identify(src) by extension 'cmake'
[2.708s] Level 1:colcon.colcon_core.package_identification:_identify(src) by extension 'python'
[2.709s] Level 1:colcon.colcon_core.package_identification:_identify(src) by extensions ['python_setup_py']
[2.709s] Level 1:colcon.colcon_core.package_identification:_identify(src) by extension 'python_setup_py'
[2.710s] Level 1:colcon.colcon_core.package_identification:_identify(src/imu_publisher) by extensions ['ignore', 'ignore_ament_install']
[2.710s] Level 1:colcon.colcon_core.package_identification:_identify(src/imu_publisher) by extension 'ignore'
[2.710s] Level 1:colcon.colcon_core.package_identification:_identify(src/imu_publisher) by extension 'ignore_ament_install'
[2.711s] Level 1:colcon.colcon_core.package_identification:_identify(src/imu_publisher) by extensions ['colcon_pkg']
[2.711s] Level 1:colcon.colcon_core.package_identification:_identify(src/imu_publisher) by extension 'colcon_pkg'
[2.711s] Level 1:colcon.colcon_core.package_identification:_identify(src/imu_publisher) by extensions ['colcon_meta']
[2.711s] Level 1:colcon.colcon_core.package_identification:_identify(src/imu_publisher) by extension 'colcon_meta'
[2.712s] Level 1:colcon.colcon_core.package_identification:_identify(src/imu_publisher) by extensions ['ros']
[2.712s] Level 1:colcon.colcon_core.package_identification:_identify(src/imu_publisher) by extension 'ros'
[2.728s] DEBUG:colcon.colcon_core.package_identification:Package 'src/imu_publisher' with type 'ros.ament_python' and name 'imu_publisher'
[2.728s] Level 1:colcon.colcon_core.package_discovery:discover_packages(recursive) using defaults
[2.728s] Level 1:colcon.colcon_core.package_discovery:discover_packages(ignore) discover
[2.729s] Level 1:colcon.colcon_core.package_discovery:discover_packages(ignore) using defaults
[2.729s] Level 1:colcon.colcon_core.package_discovery:discover_packages(path) discover
[2.729s] Level 1:colcon.colcon_core.package_discovery:discover_packages(path) using defaults
[2.932s] Level 1:colcon.colcon_core.package_discovery:discover_packages(prefix_path) check parameters
[2.933s] Level 1:colcon.colcon_core.package_discovery:discover_packages(prefix_path) discover
[2.965s] DEBUG:colcon.colcon_installed_package_information.package_discovery:Found 289 installed packages in /opt/ros/humble
[3.051s] Level 1:colcon.colcon_core.package_discovery:discover_packages(prefix_path) using defaults
[3.300s] Level 5:colcon.colcon_core.verb:set package 'imu_publisher' build argument 'cmake_args' from command line to 'None'
[3.300s] Level 5:colcon.colcon_core.verb:set package 'imu_publisher' build argument 'cmake_target' from command line to 'None'
[3.300s] Level 5:colcon.colcon_core.verb:set package 'imu_publisher' build argument 'cmake_target_skip_unavailable' from command line to 'False'
[3.300s] Level 5:colcon.colcon_core.verb:set package 'imu_publisher' build argument 'cmake_clean_cache' from command line to 'False'
[3.300s] Level 5:colcon.colcon_core.verb:set package 'imu_publisher' build argument 'cmake_clean_first' from command line to 'False'
[3.301s] Level 5:colcon.colcon_core.verb:set package 'imu_publisher' build argument 'cmake_force_configure' from command line to 'False'
[3.301s] Level 5:colcon.colcon_core.verb:set package 'imu_publisher' build argument 'ament_cmake_args' from command line to 'None'
[3.301s] Level 5:colcon.colcon_core.verb:set package 'imu_publisher' build argument 'catkin_cmake_args' from command line to 'None'
[3.301s] Level 5:colcon.colcon_core.verb:set package 'imu_publisher' build argument 'catkin_skip_building_tests' from command line to 'False'
[3.301s] DEBUG:colcon.colcon_core.verb:Building package 'imu_publisher' with the following arguments: {'ament_cmake_args': None, 'build_base': '/home/mohammed/ros2_ws/build/imu_publisher', 'catkin_cmake_args': None, 'catkin_skip_building_tests': False, 'cmake_args': None, 'cmake_clean_cache': False, 'cmake_clean_first': False, 'cmake_force_configure': False, 'cmake_target': None, 'cmake_target_skip_unavailable': False, 'install_base': '/home/mohammed/ros2_ws/install/imu_publisher', 'merge_install': False, 'path': '/home/mohammed/ros2_ws/src/imu_publisher', 'symlink_install': False, 'test_result_base': None}
[3.302s] INFO:colcon.colcon_core.executor:Executing jobs using 'parallel' executor
[3.306s] DEBUG:colcon.colcon_parallel_executor.executor.parallel:run_until_complete
[3.308s] INFO:colcon.colcon_ros.task.ament_python.build:Building ROS package in '/home/mohammed/ros2_ws/src/imu_publisher' with build type 'ament_python'
[3.308s] Level 1:colcon.colcon_core.shell:create_environment_hook('imu_publisher', 'ament_prefix_path')
[3.322s] INFO:colcon.colcon_core.plugin_system:Skipping extension 'colcon_core.shell.bat': Not used on non-Windows systems
[3.324s] INFO:colcon.colcon_core.shell:Creating environment hook '/home/mohammed/ros2_ws/install/imu_publisher/share/imu_publisher/hook/ament_prefix_path.ps1'
[3.327s] INFO:colcon.colcon_core.shell:Creating environment descriptor '/home/mohammed/ros2_ws/install/imu_publisher/share/imu_publisher/hook/ament_prefix_path.dsv'
[3.333s] INFO:colcon.colcon_core.shell:Creating environment hook '/home/mohammed/ros2_ws/install/imu_publisher/share/imu_publisher/hook/ament_prefix_path.sh'
[3.339s] INFO:colcon.colcon_core.shell:Skip shell extension 'powershell' for command environment: Not usable outside of PowerShell
[3.339s] DEBUG:colcon.colcon_core.shell:Skip shell extension 'dsv' for command environment
[5.756s] INFO:colcon.colcon_core.task.python.build:Building Python package in '/home/mohammed/ros2_ws/src/imu_publisher'
[5.758s] INFO:colcon.colcon_core.shell:Skip shell extension 'powershell' for command environment: Not usable outside of PowerShell
[5.758s] DEBUG:colcon.colcon_core.shell:Skip shell extension 'dsv' for command environment
[8.628s] DEBUG:colcon.colcon_core.event_handler.log_command:Invoking command in '/home/mohammed/ros2_ws/src/imu_publisher': PYTHONPATH=/home/mohammed/ros2_ws/build/imu_publisher/prefix_override:/usr/lib/python3/dist-packages/colcon_core/task/python/colcon_distutils_commands:/home/mohammed/ros2_ws/install/imu_publisher/lib/python3.10/site-packages:${PYTHONPATH} /usr/bin/python3 -W ignore:setup.py install is deprecated -W ignore:easy_install command is deprecated setup.py egg_info --egg-base ../../build/imu_publisher build --build-base /home/mohammed/ros2_ws/build/imu_publisher/build install --record /home/mohammed/ros2_ws/build/imu_publisher/install.log --single-version-externally-managed install_data
[11.222s] DEBUG:colcon.colcon_core.event_handler.log_command:Invoked command in '/home/mohammed/ros2_ws/src/imu_publisher' returned '0': PYTHONPATH=/home/mohammed/ros2_ws/build/imu_publisher/prefix_override:/usr/lib/python3/dist-packages/colcon_core/task/python/colcon_distutils_commands:/home/mohammed/ros2_ws/install/imu_publisher/lib/python3.10/site-packages:${PYTHONPATH} /usr/bin/python3 -W ignore:setup.py install is deprecated -W ignore:easy_install command is deprecated setup.py egg_info --egg-base ../../build/imu_publisher build --build-base /home/mohammed/ros2_ws/build/imu_publisher/build install --record /home/mohammed/ros2_ws/build/imu_publisher/install.log --single-version-externally-managed install_data
[11.267s] Level 1:colcon.colcon_core.environment:checking '/home/mohammed/ros2_ws/install/imu_publisher' for CMake module files
[11.270s] Level 1:colcon.colcon_core.environment:checking '/home/mohammed/ros2_ws/install/imu_publisher' for CMake config files
[11.276s] Level 1:colcon.colcon_core.environment:checking '/home/mohammed/ros2_ws/install/imu_publisher/lib'
[11.278s] Level 1:colcon.colcon_core.environment:checking '/home/mohammed/ros2_ws/install/imu_publisher/bin'
[11.278s] Level 1:colcon.colcon_core.environment:checking '/home/mohammed/ros2_ws/install/imu_publisher/lib/pkgconfig/imu_publisher.pc'
[11.279s] Level 1:colcon.colcon_core.environment:checking '/home/mohammed/ros2_ws/install/imu_publisher/lib/python3.10/site-packages'
[11.280s] Level 1:colcon.colcon_core.shell:create_environment_hook('imu_publisher', 'pythonpath')
[11.281s] INFO:colcon.colcon_core.shell:Creating environment hook '/home/mohammed/ros2_ws/install/imu_publisher/share/imu_publisher/hook/pythonpath.ps1'
[11.284s] INFO:colcon.colcon_core.shell:Creating environment descriptor '/home/mohammed/ros2_ws/install/imu_publisher/share/imu_publisher/hook/pythonpath.dsv'
[11.286s] INFO:colcon.colcon_core.shell:Creating environment hook '/home/mohammed/ros2_ws/install/imu_publisher/share/imu_publisher/hook/pythonpath.sh'
[11.290s] Level 1:colcon.colcon_core.environment:checking '/home/mohammed/ros2_ws/install/imu_publisher/bin'
[11.290s] Level 1:colcon.colcon_core.environment:create_environment_scripts_only(imu_publisher)
[11.292s] INFO:colcon.colcon_core.shell:Creating package script '/home/mohammed/ros2_ws/install/imu_publisher/share/imu_publisher/package.ps1'
[11.302s] INFO:colcon.colcon_core.shell:Creating package descriptor '/home/mohammed/ros2_ws/install/imu_publisher/share/imu_publisher/package.dsv'
[11.306s] INFO:colcon.colcon_core.shell:Creating package script '/home/mohammed/ros2_ws/install/imu_publisher/share/imu_publisher/package.sh'
[11.311s] INFO:colcon.colcon_core.shell:Creating package script '/home/mohammed/ros2_ws/install/imu_publisher/share/imu_publisher/package.bash'
[11.317s] INFO:colcon.colcon_core.shell:Creating package script '/home/mohammed/ros2_ws/install/imu_publisher/share/imu_publisher/package.zsh'
[11.323s] Level 1:colcon.colcon_core.environment:create_file_with_runtime_dependencies(/home/mohammed/ros2_ws/install/imu_publisher/share/colcon-core/packages/imu_publisher)
[11.325s] DEBUG:colcon.colcon_parallel_executor.executor.parallel:closing loop
[11.327s] DEBUG:colcon.colcon_parallel_executor.executor.parallel:loop closed
[11.327s] DEBUG:colcon.colcon_parallel_executor.executor.parallel:run_until_complete finished with '0'
[11.328s] DEBUG:colcon.colcon_core.event_reactor:joining thread
[11.363s] INFO:colcon.colcon_core.plugin_system:Skipping extension 'colcon_notification.desktop_notification.terminal_notifier': Not used on non-Darwin systems
[11.364s] INFO:colcon.colcon_core.plugin_system:Skipping extension 'colcon_notification.desktop_notification.win32': Not used on non-Windows systems
[11.364s] INFO:colcon.colcon_notification.desktop_notification:Sending desktop notification using 'notify2'
[11.436s] DEBUG:colcon.colcon_core.event_reactor:joined thread
[11.438s] INFO:colcon.colcon_core.shell:Creating prefix script '/home/mohammed/ros2_ws/install/local_setup.ps1'
[11.444s] INFO:colcon.colcon_core.shell:Creating prefix util module '/home/mohammed/ros2_ws/install/_local_setup_util_ps1.py'
[11.455s] INFO:colcon.colcon_core.shell:Creating prefix chain script '/home/mohammed/ros2_ws/install/setup.ps1'
[11.463s] INFO:colcon.colcon_core.shell:Creating prefix script '/home/mohammed/ros2_ws/install/local_setup.sh'
[11.467s] INFO:colcon.colcon_core.shell:Creating prefix util module '/home/mohammed/ros2_ws/install/_local_setup_util_sh.py'
[11.472s] INFO:colcon.colcon_core.shell:Creating prefix chain script '/home/mohammed/ros2_ws/install/setup.sh'
[11.478s] INFO:colcon.colcon_core.shell:Creating prefix script '/home/mohammed/ros2_ws/install/local_setup.bash'
[11.482s] INFO:colcon.colcon_core.shell:Creating prefix chain script '/home/mohammed/ros2_ws/install/setup.bash'
[11.488s] INFO:colcon.colcon_core.shell:Creating prefix script '/home/mohammed/ros2_ws/install/local_setup.zsh'
[11.493s] INFO:colcon.colcon_core.shell:Creating prefix chain script '/home/mohammed/ros2_ws/install/setup.zsh'
