[6.754s] Invoking command in '/home/mohammed/ros2_ws/src/motor_driver': PYTHONPATH=/home/mohammed/ros2_ws/build/motor_driver/prefix_override:/usr/lib/python3/dist-packages/colcon_core/task/python/colcon_distutils_commands:/home/mohammed/ros2_ws/install/motor_driver/lib/python3.10/site-packages:${PYTHONPATH} /usr/bin/python3 -W ignore:setup.py install is deprecated -W ignore:easy_install command is deprecated setup.py egg_info --egg-base ../../build/motor_driver build --build-base /home/mohammed/ros2_ws/build/motor_driver/build install --record /home/mohammed/ros2_ws/build/motor_driver/install.log --single-version-externally-managed install_data
[8.286s] running egg_info
[8.291s] writing ../../build/motor_driver/motor_driver.egg-info/PKG-INFO
[8.300s] writing dependency_links to ../../build/motor_driver/motor_driver.egg-info/dependency_links.txt
[8.302s] writing entry points to ../../build/motor_driver/motor_driver.egg-info/entry_points.txt
[8.304s] writing requirements to ../../build/motor_driver/motor_driver.egg-info/requires.txt
[8.308s] writing top-level names to ../../build/motor_driver/motor_driver.egg-info/top_level.txt
[8.318s] reading manifest file '../../build/motor_driver/motor_driver.egg-info/SOURCES.txt'
[8.328s] writing manifest file '../../build/motor_driver/motor_driver.egg-info/SOURCES.txt'
[8.329s] running build
[8.330s] running build_py
[8.337s] copying motor_driver/motor_driver_node.py -> /home/mohammed/ros2_ws/build/motor_driver/build/lib/motor_driver
[8.338s] running install
[8.341s] running install_lib
[8.351s] copying /home/mohammed/ros2_ws/build/motor_driver/build/lib/motor_driver/motor_driver_node.py -> /home/mohammed/ros2_ws/install/motor_driver/lib/python3.10/site-packages/motor_driver
[8.358s] byte-compiling /home/mohammed/ros2_ws/install/motor_driver/lib/python3.10/site-packages/motor_driver/motor_driver_node.py to motor_driver_node.cpython-310.pyc
[8.366s] running install_data
[8.377s] running install_egg_info
[8.397s] removing '/home/mohammed/ros2_ws/install/motor_driver/lib/python3.10/site-packages/motor_driver-0.0.0-py3.10.egg-info' (and everything under it)
[8.401s] Copying ../../build/motor_driver/motor_driver.egg-info to /home/mohammed/ros2_ws/install/motor_driver/lib/python3.10/site-packages/motor_driver-0.0.0-py3.10.egg-info
[8.417s] running install_scripts
[8.560s] Installing motor_driver_node script to /home/mohammed/ros2_ws/install/motor_driver/lib/motor_driver
[8.574s] writing list of installed files to '/home/mohammed/ros2_ws/build/motor_driver/install.log'
[8.961s] Invoked command in '/home/mohammed/ros2_ws/src/motor_driver' returned '0': PYTHONPATH=/home/mohammed/ros2_ws/build/motor_driver/prefix_override:/usr/lib/python3/dist-packages/colcon_core/task/python/colcon_distutils_commands:/home/mohammed/ros2_ws/install/motor_driver/lib/python3.10/site-packages:${PYTHONPATH} /usr/bin/python3 -W ignore:setup.py install is deprecated -W ignore:easy_install command is deprecated setup.py egg_info --egg-base ../../build/motor_driver build --build-base /home/mohammed/ros2_ws/build/motor_driver/build install --record /home/mohammed/ros2_ws/build/motor_driver/install.log --single-version-externally-managed install_data
