[0.097s] Invoking command in '/home/mohammed/ros2_ws/build/hector_marker_drawing': /usr/bin/cmake /home/mohammed/ros2_ws/src/hector_slam/hector_marker_drawing -DCATKIN_INSTALL_INTO_PREFIX_ROOT=0 -DCMAKE_INSTALL_PREFIX=/home/mohammed/ros2_ws/install/hector_marker_drawing
[0.344s] [31mCMake Error at CMakeLists.txt:4 (find_package):
[0.344s]   By not providing "Findcatkin.cmake" in CMAKE_MODULE_PATH this project has
[0.345s]   asked CMake to find a package configuration file provided by "catkin", but
[0.345s]   CMake did not find one.
[0.346s] 
[0.346s]   Could not find a package configuration file provided by "catkin" with any
[0.347s]   of the following names:
[0.347s] 
[0.347s]     catkinConfig.cmake
[0.348s]     catkin-config.cmake
[0.348s] 
[0.352s]   Add the installation prefix of "catkin" to CMAKE_PREFIX_PATH or set
[0.353s]   "catkin_DIR" to a directory containing one of the above files.  If "catkin"
[0.353s]   provides a separate development package or SDK, be sure it has been
[0.354s]   installed.
[0.354s] 
[0.355s] [0m
[0.355s] -- Configuring incomplete, errors occurred!
[0.356s] See also "/home/mohammed/ros2_ws/build/hector_marker_drawing/CMakeFiles/CMakeOutput.log".
[0.383s] Invoked command in '/home/mohammed/ros2_ws/build/hector_marker_drawing' returned '1': /usr/bin/cmake /home/mohammed/ros2_ws/src/hector_slam/hector_marker_drawing -DCATKIN_INSTALL_INTO_PREFIX_ROOT=0 -DCMAKE_INSTALL_PREFIX=/home/mohammed/ros2_ws/install/hector_marker_drawing
